Archive member included to satisfy reference by file (symbol)

c:/progra~2/armgnu~1/12dbab~1.2re/bin/../lib/gcc/arm-none-eabi/12.2.1/thumb/v6-m/nofp\libgcc.a(_dvmd_tls.o)
                              CMakeFiles/picoprobe.dir/C_/Users/Manab_Kumar_Biswas/pico-apps/tools/pico-sdk/src/rp2_common/pico_divider/divider.S.obj (__aeabi_idiv0)
c:/progra~2/armgnu~1/12dbab~1.2re/bin/../lib/gcc/arm-none-eabi/12.2.1/thumb/v6-m/nofp\libgcc.a(_paritysi2.o)
                              CMakeFiles/picoprobe.dir/src/sw_dp_pio.c.obj (__paritysi2)
c:/progra~2/armgnu~1/12dbab~1.2re/bin/../lib/gcc/arm-none-eabi/12.2.1/thumb/v6-m/nofp\libc.a(libc_a-calloc.o)
                              CMakeFiles/picoprobe.dir/C_/Users/Manab_Kumar_Biswas/pico-apps/tools/pico-sdk/src/rp2_common/pico_malloc/pico_malloc.c.obj (calloc)
c:/progra~2/armgnu~1/12dbab~1.2re/bin/../lib/gcc/arm-none-eabi/12.2.1/thumb/v6-m/nofp\libc.a(libc_a-callocr.o)
                              c:/progra~2/armgnu~1/12dbab~1.2re/bin/../lib/gcc/arm-none-eabi/12.2.1/thumb/v6-m/nofp\libc.a(libc_a-calloc.o) (_calloc_r)
c:/progra~2/armgnu~1/12dbab~1.2re/bin/../lib/gcc/arm-none-eabi/12.2.1/thumb/v6-m/nofp\libc.a(libc_a-malloc.o)
                              CMakeFiles/picoprobe.dir/C_/Users/Manab_Kumar_Biswas/pico-apps/tools/pico-sdk/src/rp2_common/pico_malloc/pico_malloc.c.obj (malloc)
c:/progra~2/armgnu~1/12dbab~1.2re/bin/../lib/gcc/arm-none-eabi/12.2.1/thumb/v6-m/nofp\libc.a(libc_a-mallocr.o)
                              c:/progra~2/armgnu~1/12dbab~1.2re/bin/../lib/gcc/arm-none-eabi/12.2.1/thumb/v6-m/nofp\libc.a(libc_a-callocr.o) (_malloc_r)
c:/progra~2/armgnu~1/12dbab~1.2re/bin/../lib/gcc/arm-none-eabi/12.2.1/thumb/v6-m/nofp\libc.a(libc_a-mlock.o)
                              c:/progra~2/armgnu~1/12dbab~1.2re/bin/../lib/gcc/arm-none-eabi/12.2.1/thumb/v6-m/nofp\libc.a(libc_a-mallocr.o) (__malloc_lock)
c:/progra~2/armgnu~1/12dbab~1.2re/bin/../lib/gcc/arm-none-eabi/12.2.1/thumb/v6-m/nofp\libc.a(libc_a-realloc.o)
                              CMakeFiles/picoprobe.dir/C_/Users/Manab_Kumar_Biswas/pico-apps/tools/pico-sdk/src/rp2_common/pico_malloc/pico_malloc.c.obj (realloc)
c:/progra~2/armgnu~1/12dbab~1.2re/bin/../lib/gcc/arm-none-eabi/12.2.1/thumb/v6-m/nofp\libc.a(libc_a-reallocr.o)
                              c:/progra~2/armgnu~1/12dbab~1.2re/bin/../lib/gcc/arm-none-eabi/12.2.1/thumb/v6-m/nofp\libc.a(libc_a-realloc.o) (_realloc_r)
c:/progra~2/armgnu~1/12dbab~1.2re/bin/../lib/gcc/arm-none-eabi/12.2.1/thumb/v6-m/nofp\libc.a(libc_a-memmove.o)
                              c:/progra~2/armgnu~1/12dbab~1.2re/bin/../lib/gcc/arm-none-eabi/12.2.1/thumb/v6-m/nofp\libc.a(libc_a-reallocr.o) (memmove)
c:/progra~2/armgnu~1/12dbab~1.2re/bin/../lib/gcc/arm-none-eabi/12.2.1/thumb/v6-m/nofp\libc.a(libc_a-impure.o)
                              c:/progra~2/armgnu~1/12dbab~1.2re/bin/../lib/gcc/arm-none-eabi/12.2.1/thumb/v6-m/nofp\libc.a(libc_a-calloc.o) (_impure_ptr)
c:/progra~2/armgnu~1/12dbab~1.2re/bin/../lib/gcc/arm-none-eabi/12.2.1/thumb/v6-m/nofp\libc.a(libc_a-sbrkr.o)
                              c:/progra~2/armgnu~1/12dbab~1.2re/bin/../lib/gcc/arm-none-eabi/12.2.1/thumb/v6-m/nofp\libc.a(libc_a-mallocr.o) (_sbrk_r)
c:/progra~2/armgnu~1/12dbab~1.2re/bin/../lib/gcc/arm-none-eabi/12.2.1/thumb/v6-m/nofp\libc.a(libc_a-errno.o)
                              c:/progra~2/armgnu~1/12dbab~1.2re/bin/../lib/gcc/arm-none-eabi/12.2.1/thumb/v6-m/nofp\libc.a(libc_a-callocr.o) (__errno)
c:/progra~2/armgnu~1/12dbab~1.2re/bin/../lib/gcc/arm-none-eabi/12.2.1/thumb/v6-m/nofp\libc.a(libc_a-init.o)
                              c:/progra~2/armgnu~1/12dbab~1.2re/bin/../lib/gcc/arm-none-eabi/12.2.1/thumb/v6-m/nofp/crt0.o (__libc_init_array)
c:/progra~2/armgnu~1/12dbab~1.2re/bin/../lib/gcc/arm-none-eabi/12.2.1/thumb/v6-m/nofp\libc.a(libc_a-lock.o)
                              c:/progra~2/armgnu~1/12dbab~1.2re/bin/../lib/gcc/arm-none-eabi/12.2.1/thumb/v6-m/nofp\libc.a(libc_a-mlock.o) (__retarget_lock_acquire_recursive)
c:/progra~2/armgnu~1/12dbab~1.2re/bin/../lib/gcc/arm-none-eabi/12.2.1/thumb/v6-m/nofp\libc.a(libc_a-sysconf.o)
                              c:/progra~2/armgnu~1/12dbab~1.2re/bin/../lib/gcc/arm-none-eabi/12.2.1/thumb/v6-m/nofp\libc.a(libc_a-mallocr.o) (sysconf)
c:/progra~2/armgnu~1/12dbab~1.2re/bin/../lib/gcc/arm-none-eabi/12.2.1/thumb/v6-m/nofp\libc.a(libc_a-strlen-stub.o)
                              CMakeFiles/picoprobe.dir/src/usb_descriptors.c.obj (strlen)
c:/progra~2/armgnu~1/12dbab~1.2re/bin/../lib/gcc/arm-none-eabi/12.2.1/thumb/v6-m/nofp\libc.a(libc_a-freer.o)
                              c:/progra~2/armgnu~1/12dbab~1.2re/bin/../lib/gcc/arm-none-eabi/12.2.1/thumb/v6-m/nofp\libc.a(libc_a-malloc.o) (_free_r)
c:/progra~2/armgnu~1/12dbab~1.2re/bin/../lib/gcc/arm-none-eabi/12.2.1/thumb/v6-m/nofp\libc.a(libc_a-findfp.o)
                              c:/progra~2/armgnu~1/12dbab~1.2re/bin/../lib/gcc/arm-none-eabi/12.2.1/thumb/v6-m/nofp\libc.a(libc_a-impure.o) (__sf)
[...]
Memory Configuration

Name             Origin             Length             Attributes
FLASH            0x10000000         0x00200000         xr
RAM              0x20000000         0x00040000         xrw
SCRATCH_X        0x20040000         0x00001000         xrw
SCRATCH_Y        0x20041000         0x00001000         xrw
*default*        0x00000000         0xffffffff

Linker script and memory map

LOAD c:/progra~2/armgnu~1/12dbab~1.2re/bin/../lib/gcc/arm-none-eabi/12.2.1/thumb/v6-m/nofp/crti.o
LOAD c:/progra~2/armgnu~1/12dbab~1.2re/bin/../lib/gcc/arm-none-eabi/12.2.1/thumb/v6-m/nofp/crtbegin.o
LOAD c:/progra~2/armgnu~1/12dbab~1.2re/bin/../lib/gcc/arm-none-eabi/12.2.1/thumb/v6-m/nofp/crt0.o

.flash_begin    0x10000000        0x0
                0x10000000                __flash_binary_start = .

.boot2          0x10000000      0x100
                0x10000000                __boot2_start__ = .
 *(.boot2)
 .boot2         0x10000000      0x100 C:\Users\MANABK~1\AppData\Local\Temp\ccGvr4OX.o
                0x10000100                __boot2_end__ = .
                0x00000001                ASSERT (((__boot2_end__ - __boot2_start__) == 0x100), ERROR: Pico second stage bootloader must be 256 bytes in size)

.flashtext      0x10000100      0x1e0
                0x10000100                __logical_binary_start = .
 *(.vectors)
 .vectors       0x10000100       0xd4 CMakeFiles/picoprobe.dir/C_/Users/Manab_Kumar_Biswas/pico-apps/tools/pico-sdk/src/rp2_common/pico_standard_link/crt0.S.obj
                0x10000100                __VECTOR_TABLE
                0x10000100                __vectors
                0x100001c0                isr_invalid
                0x100001c0                __default_isrs_start
                0x100001c2                isr_nmi
                0x100001c4                isr_hardfault
                0x100001c6                isr_svcall
                0x100001c8                isr_pendsv
                0x100001ca                isr_systick
                0x100001cc                isr_irq23
                0x100001cc                isr_irq18
                0x100001cc                isr_irq11
                0x100001cc                isr_irq28
                0x100001cc                isr_irq19
                0x100001cc                isr_irq0
                0x100001cc                isr_irq6
                0x100001cc                isr_irq5
                0x100001cc                isr_irq12
                0x100001cc                isr_irq22
                0x100001cc                isr_irq31
                0x100001cc                isr_irq17
                0x100001cc                isr_irq27
                0x100001cc                isr_irq30
                0x100001cc                isr_irq2
                0x100001cc                isr_irq10
                0x100001cc                isr_irq8
                0x100001cc                isr_irq24
                0x100001cc                isr_irq1
                0x100001cc                isr_irq7
                0x100001cc                isr_irq21
                0x100001cc                isr_irq20
                0x100001cc                isr_irq15
                0x100001cc                isr_irq25
                0x100001cc                isr_irq13
                0x100001cc                __unhandled_user_irq
                0x100001cc                isr_irq4
                0x100001cc                isr_irq16
                0x100001cc                isr_irq29
                0x100001cc                isr_irq26
                0x100001cc                __default_isrs_end
                0x100001cc                isr_irq3
                0x100001cc                isr_irq14
                0x100001cc                isr_irq9
                0x100001d2                unhandled_user_irq_num_in_r0
 *(.binary_info_header)
 .binary_info_header
                0x100001d4       0x14 CMakeFiles/picoprobe.dir/C_/Users/Manab_Kumar_Biswas/pico-apps/tools/pico-sdk/src/rp2_common/pico_standard_link/crt0.S.obj
                0x100001e8                __binary_info_header_end = .
 *(.reset)
 .reset         0x100001e8       0xb4 CMakeFiles/picoprobe.dir/C_/Users/Manab_Kumar_Biswas/pico-apps/tools/pico-sdk/src/rp2_common/pico_standard_link/crt0.S.obj
                0x100001e8                _entry_point
                0x10000272                __get_current_exception
 *fill*         0x1000029c        0x4 
 .reset.__stub  0x100002a0       0x10 linker stubs
 .reset         0x100002b0       0x30 CMakeFiles/picoprobe.dir/C_/Users/Manab_Kumar_Biswas/pico-apps/tools/pico-sdk/src/rp2_common/pico_standard_link/binary_info.c.obj

.rodata         0x100002e0        0x0
 *(SORT_BY_ALIGNMENT(SORT_BY_NAME(.flashdata*)))
                0x100002e0                . = ALIGN (0x4)

.ARM.extab
 *(.ARM.extab* .gnu.linkonce.armextab.*)
                0x100002e0                __exidx_start = .

.ARM.exidx
 *(.ARM.exidx* .gnu.linkonce.armexidx.*)
                0x100002e0                __exidx_end = .
                0x100002e0                . = ALIGN (0x4)
                0x100002e0                __binary_info_start = .

.binary_info    0x100002e0       0x24
 *(.binary_info.keep.*)
 .binary_info.keep.__bi_ptr81
                0x100002e0        0x4 CMakeFiles/picoprobe.dir/C_/Users/Manab_Kumar_Biswas/pico-apps/tools/pico-sdk/src/rp2_common/pico_standard_link/binary_info.c.obj
 .binary_info.keep.__bi_ptr75
                0x100002e4        0x4 CMakeFiles/picoprobe.dir/C_/Users/Manab_Kumar_Biswas/pico-apps/tools/pico-sdk/src/rp2_common/pico_standard_link/binary_info.c.obj
 .binary_info.keep.__bi_ptr50
                0x100002e8        0x4 CMakeFiles/picoprobe.dir/C_/Users/Manab_Kumar_Biswas/pico-apps/tools/pico-sdk/src/rp2_common/pico_standard_link/binary_info.c.obj
 .binary_info.keep.__bi_ptr44
                0x100002ec        0x4 CMakeFiles/picoprobe.dir/C_/Users/Manab_Kumar_Biswas/pico-apps/tools/pico-sdk/src/rp2_common/pico_standard_link/binary_info.c.obj
 .binary_info.keep.__bi_ptr38
                0x100002f0        0x4 CMakeFiles/picoprobe.dir/C_/Users/Manab_Kumar_Biswas/pico-apps/tools/pico-sdk/src/rp2_common/pico_standard_link/binary_info.c.obj
 .binary_info.keep.__bi_ptr30
                0x100002f4        0x4 CMakeFiles/picoprobe.dir/C_/Users/Manab_Kumar_Biswas/pico-apps/tools/pico-sdk/src/rp2_common/pico_standard_link/binary_info.c.obj
 .binary_info.keep.__bi_ptr22
                0x100002f8        0x4 CMakeFiles/picoprobe.dir/C_/Users/Manab_Kumar_Biswas/pico-apps/tools/pico-sdk/src/rp2_common/pico_standard_link/binary_info.c.obj
 .binary_info.keep.__bi_ptr131
                0x100002fc        0x4 CMakeFiles/picoprobe.dir/C_/Users/Manab_Kumar_Biswas/pico-apps/tools/pico-sdk/lib/tinyusb/hw/bsp/rp2040/family.c.obj
 .binary_info.keep.__bi_ptr121
                0x10000300        0x4 CMakeFiles/picoprobe.dir/C_/Users/Manab_Kumar_Biswas/pico-apps/tools/pico-sdk/lib/tinyusb/hw/bsp/rp2040/family.c.obj
 *(.binary_info.*)
                0x10000304                __binary_info_end = .
                0x10000304                . = ALIGN (0x4)

.ram_vector_table
                0x20000000       0xc0
 *(.ram_vector_table)
 .ram_vector_table
                0x20000000       0xc0 CMakeFiles/picoprobe.dir/C_/Users/Manab_Kumar_Biswas/pico-apps/tools/pico-sdk/src/rp2_common/pico_runtime/runtime.c.obj
                0x20000000                ram_vector_table

.text           0x200000c0     0x8df0 load address 0x10000304
                0x200000c0                __ram_text_start__ = .
 *(.init)
 .init          0x200000c0        0x4 c:/progra~2/armgnu~1/12dbab~1.2re/bin/../lib/gcc/arm-none-eabi/12.2.1/thumb/v6-m/nofp/crti.o
                0x200000c0                _init
 *(.text*)
 .text.register_tm_clones
                0x200000c4       0x28 c:/progra~2/armgnu~1/12dbab~1.2re/bin/../lib/gcc/arm-none-eabi/12.2.1/thumb/v6-m/nofp/crtbegin.o
 .text.frame_dummy
                0x200000ec       0x24 c:/progra~2/armgnu~1/12dbab~1.2re/bin/../lib/gcc/arm-none-eabi/12.2.1/thumb/v6-m/nofp/crtbegin.o
 .text.led_init
                0x20000110       0x20 CMakeFiles/picoprobe.dir/src/led.c.obj
                0x20000110                led_init
 .text.usb_thread
                0x20000130       0x10 CMakeFiles/picoprobe.dir/src/main.c.obj
                0x20000130                usb_thread
 .text.dap_thread
                0x20000140       0x48 CMakeFiles/picoprobe.dir/src/main.c.obj
                0x20000140                dap_thread
 .text.startup.main
                0x20000188       0x8c CMakeFiles/picoprobe.dir/src/main.c.obj
                0x20000188                main
 .text.tud_hid_get_report_cb
                0x20000214        0x4 CMakeFiles/picoprobe.dir/src/main.c.obj
                0x20000214                tud_hid_get_report_cb
 .text.tud_hid_set_report_cb
                0x20000218       0x2c CMakeFiles/picoprobe.dir/src/main.c.obj
                0x20000218                tud_hid_set_report_cb
 .text.tud_vendor_control_xfer_cb
                0x20000244       0x58 CMakeFiles/picoprobe.dir/src/main.c.obj
                0x20000244                tud_vendor_control_xfer_cb
 .text.vApplicationTickHook
                0x2000029c        0x4 CMakeFiles/picoprobe.dir/src/main.c.obj
                0x2000029c                vApplicationTickHook
 .text.vApplicationStackOverflowHook
                0x200002a0       0x10 CMakeFiles/picoprobe.dir/src/main.c.obj
                0x200002a0                vApplicationStackOverflowHook
 .text.vApplicationMallocFailedHook
                0x200002b0        0xc CMakeFiles/picoprobe.dir/src/main.c.obj
                0x200002b0                vApplicationMallocFailedHook
 .text.tud_descriptor_device_cb
                0x200002bc        0x8 CMakeFiles/picoprobe.dir/src/usb_descriptors.c.obj
                0x200002bc                tud_descriptor_device_cb
 .text.tud_hid_descriptor_report_cb
                0x200002c4        0x8 CMakeFiles/picoprobe.dir/src/usb_descriptors.c.obj
                0x200002c4                tud_hid_descriptor_report_cb
 .text.tud_descriptor_configuration_cb
                0x200002cc        0x8 CMakeFiles/picoprobe.dir/src/usb_descriptors.c.obj
                0x200002cc                tud_descriptor_configuration_cb
 .text.tud_descriptor_string_cb
                0x200002d4       0x7c CMakeFiles/picoprobe.dir/src/usb_descriptors.c.obj
                0x200002d4                tud_descriptor_string_cb
 .text.tud_descriptor_bos_cb
                0x20000350        0x8 CMakeFiles/picoprobe.dir/src/usb_descriptors.c.obj
                0x20000350                tud_descriptor_bos_cb
 .text.probe_set_swclk_freq
                0x20000358       0x28 CMakeFiles/picoprobe.dir/src/probe.c.obj
                0x20000358                probe_set_swclk_freq
 .text.probe_write_bits
                0x20000380       0x34 CMakeFiles/picoprobe.dir/src/probe.c.obj
                0x20000380                probe_write_bits
 .text.probe_read_bits
                0x200003b4       0x34 CMakeFiles/picoprobe.dir/src/probe.c.obj
                0x200003b4                probe_read_bits
 .text.probe_read_mode
                0x200003e8       0x28 CMakeFiles/picoprobe.dir/src/probe.c.obj
                0x200003e8                probe_read_mode
 .text.probe_write_mode
                0x20000410       0x28 CMakeFiles/picoprobe.dir/src/probe.c.obj
                0x20000410                probe_write_mode
 .text.probe_gpio_init
                0x20000438       0x20 CMakeFiles/picoprobe.dir/src/probe.c.obj
                0x20000438                probe_gpio_init
 .text.probe_init
                0x20000458       0xec CMakeFiles/picoprobe.dir/src/probe.c.obj
                0x20000458                probe_init
 .text.probe_deinit
                0x20000544       0x54 CMakeFiles/picoprobe.dir/src/probe.c.obj
                0x20000544                probe_deinit
 .text.cdc_uart_init
                0x20000598       0x38 CMakeFiles/picoprobe.dir/src/cdc_uart.c.obj
                0x20000598                cdc_uart_init
 .text.cdc_task
                0x200005d0       0xd8 CMakeFiles/picoprobe.dir/src/cdc_uart.c.obj
                0x200005d0                cdc_task
 .text.cdc_thread
                0x200006a8       0x2c CMakeFiles/picoprobe.dir/src/cdc_uart.c.obj
                0x200006a8                cdc_thread
 .text.tud_cdc_line_coding_cb
                0x200006d4       0x84 CMakeFiles/picoprobe.dir/src/cdc_uart.c.obj
                0x200006d4                tud_cdc_line_coding_cb
 .text.tud_cdc_line_state_cb
                0x20000758       0x20 CMakeFiles/picoprobe.dir/src/cdc_uart.c.obj
                0x20000758                tud_cdc_line_state_cb
 .text.usb_serial_init
                0x20000778      0x1e8 CMakeFiles/picoprobe.dir/src/get_serial.c.obj
                0x20000778                usb_serial_init
 .text.SWJ_Sequence
                0x20000960       0x58 CMakeFiles/picoprobe.dir/src/sw_dp_pio.c.obj
                0x20000960                SWJ_Sequence
 .text.SWD_Sequence
                0x200009b8       0x90 CMakeFiles/picoprobe.dir/src/sw_dp_pio.c.obj
                0x200009b8                SWD_Sequence
 .text.SWD_Transfer
                0x20000a48      0x1b0 CMakeFiles/picoprobe.dir/src/sw_dp_pio.c.obj
                0x20000a48                SWD_Transfer
 .text.DAP_ProcessCommand
                0x20000bf8      0xb78 CMakeFiles/picoprobe.dir/CMSIS_5/CMSIS/DAP/Firmware/Source/DAP.c.obj
                0x20000bf8                DAP_ProcessCommand
 .text.DAP_Setup
                0x20001770       0x24 CMakeFiles/picoprobe.dir/CMSIS_5/CMSIS/DAP/Firmware/Source/DAP.c.obj
                0x20001770                DAP_Setup
 .text.DAP_ProcessVendorCommand
                0x20001794        0xc CMakeFiles/picoprobe.dir/CMSIS_5/CMSIS/DAP/Firmware/Source/DAP_vendor.c.obj
                0x20001794                DAP_ProcessVendorCommand
 .text.lock_init
                0x200017a0       0x10 CMakeFiles/picoprobe.dir/C_/Users/Manab_Kumar_Biswas/pico-apps/tools/pico-sdk/src/common/pico_sync/lock_core.c.obj
                0x200017a0                lock_init
 .text.spin_locks_reset
                0x200017b0       0x1c CMakeFiles/picoprobe.dir/C_/Users/Manab_Kumar_Biswas/pico-apps/tools/pico-sdk/src/rp2_common/hardware_sync/sync.c.obj
                0x200017b0                spin_locks_reset
 .text.next_striped_spin_lock_num
                0x200017cc       0x18 CMakeFiles/picoprobe.dir/C_/Users/Manab_Kumar_Biswas/pico-apps/tools/pico-sdk/src/rp2_common/hardware_sync/sync.c.obj
                0x200017cc                next_striped_spin_lock_num
 .text.spin_lock_claim_unused
                0x200017e4       0x24 CMakeFiles/picoprobe.dir/C_/Users/Manab_Kumar_Biswas/pico-apps/tools/pico-sdk/src/rp2_common/hardware_sync/sync.c.obj
                0x200017e4                spin_lock_claim_unused
 .text.hw_claim_lock
                0x20001808       0x18 CMakeFiles/picoprobe.dir/C_/Users/Manab_Kumar_Biswas/pico-apps/tools/pico-sdk/src/rp2_common/hardware_claim/claim.c.obj
                0x20001808                hw_claim_lock
 .text.hw_claim_unlock
                0x20001820       0x14 CMakeFiles/picoprobe.dir/C_/Users/Manab_Kumar_Biswas/pico-apps/tools/pico-sdk/src/rp2_common/hardware_claim/claim.c.obj
                0x20001820                hw_claim_unlock
 .text.hw_claim_or_assert
                0x20001834       0x44 CMakeFiles/picoprobe.dir/C_/Users/Manab_Kumar_Biswas/pico-apps/tools/pico-sdk/src/rp2_common/hardware_claim/claim.c.obj
                0x20001834                hw_claim_or_assert
 .text.hw_claim_unused_from_range
                0x20001878       0x9c CMakeFiles/picoprobe.dir/C_/Users/Manab_Kumar_Biswas/pico-apps/tools/pico-sdk/src/rp2_common/hardware_claim/claim.c.obj
                0x20001878                hw_claim_unused_from_range
 .text.running_on_fpga
                0x20001914       0x10 CMakeFiles/picoprobe.dir/C_/Users/Manab_Kumar_Biswas/pico-apps/tools/pico-sdk/src/rp2_common/pico_platform/platform.c.obj
                0x20001914                running_on_fpga
 .text.rp2040_chip_version
                0x20001924        0xc CMakeFiles/picoprobe.dir/C_/Users/Manab_Kumar_Biswas/pico-apps/tools/pico-sdk/src/rp2_common/pico_platform/platform.c.obj
                0x20001924                rp2040_chip_version
 .text.timer_pool_entry_comparator
                0x20001930       0x34 CMakeFiles/picoprobe.dir/C_/Users/Manab_Kumar_Biswas/pico-apps/tools/pico-sdk/src/common/pico_time/time.c.obj
                0x20001930                timer_pool_entry_comparator
 .text.sleep_until_callback
                0x20001964       0x24 CMakeFiles/picoprobe.dir/C_/Users/Manab_Kumar_Biswas/pico-apps/tools/pico-sdk/src/common/pico_time/time.c.obj
 .text.add_alarm_under_lock.isra.0
                0x20001988      0x100 CMakeFiles/picoprobe.dir/C_/Users/Manab_Kumar_Biswas/pico-apps/tools/pico-sdk/src/common/pico_time/time.c.obj
 .text.alarm_pool_alarm_callback
                0x20001a88      0x1c4 CMakeFiles/picoprobe.dir/C_/Users/Manab_Kumar_Biswas/pico-apps/tools/pico-sdk/src/common/pico_time/time.c.obj
 .text.alarm_pool_add_alarm_at.constprop.0
                0x20001c4c      0x11c CMakeFiles/picoprobe.dir/C_/Users/Manab_Kumar_Biswas/pico-apps/tools/pico-sdk/src/common/pico_time/time.c.obj
 .text.alarm_pool_init_default
                0x20001d68       0x64 CMakeFiles/picoprobe.dir/C_/Users/Manab_Kumar_Biswas/pico-apps/tools/pico-sdk/src/common/pico_time/time.c.obj
                0x20001d68                alarm_pool_init_default
 .text.alarm_pool_get_default
                0x20001dcc        0x8 CMakeFiles/picoprobe.dir/C_/Users/Manab_Kumar_Biswas/pico-apps/tools/pico-sdk/src/common/pico_time/time.c.obj
                0x20001dcc                alarm_pool_get_default
 .text.alarm_pool_add_alarm_at
                0x20001dd4      0x19c CMakeFiles/picoprobe.dir/C_/Users/Manab_Kumar_Biswas/pico-apps/tools/pico-sdk/src/common/pico_time/time.c.obj
                0x20001dd4                alarm_pool_add_alarm_at
 .text.best_effort_wfe_or_timeout
                0x20001f70       0xd0 CMakeFiles/picoprobe.dir/C_/Users/Manab_Kumar_Biswas/pico-apps/tools/pico-sdk/src/common/pico_time/time.c.obj
                0x20001f70                best_effort_wfe_or_timeout
 .text.hardware_alarm_irq_handler
                0x20002040       0xb8 CMakeFiles/picoprobe.dir/C_/Users/Manab_Kumar_Biswas/pico-apps/tools/pico-sdk/src/rp2_common/hardware_timer/timer.c.obj
 .text.hardware_alarm_claim
                0x200020f8       0x18 CMakeFiles/picoprobe.dir/C_/Users/Manab_Kumar_Biswas/pico-apps/tools/pico-sdk/src/rp2_common/hardware_timer/timer.c.obj
                0x200020f8                hardware_alarm_claim
 .text.time_us_64
                0x20002110       0x14 CMakeFiles/picoprobe.dir/C_/Users/Manab_Kumar_Biswas/pico-apps/tools/pico-sdk/src/rp2_common/hardware_timer/timer.c.obj
                0x20002110                time_us_64
 .text.busy_wait_us
                0x20002124       0x68 CMakeFiles/picoprobe.dir/C_/Users/Manab_Kumar_Biswas/pico-apps/tools/pico-sdk/src/rp2_common/hardware_timer/timer.c.obj
                0x20002124                busy_wait_us
 .text.hardware_alarm_set_callback
                0x2000218c       0x8c CMakeFiles/picoprobe.dir/C_/Users/Manab_Kumar_Biswas/pico-apps/tools/pico-sdk/src/rp2_common/hardware_timer/timer.c.obj
                0x2000218c                hardware_alarm_set_callback
 .text.hardware_alarm_set_target
                0x20002218       0xdc CMakeFiles/picoprobe.dir/C_/Users/Manab_Kumar_Biswas/pico-apps/tools/pico-sdk/src/rp2_common/hardware_timer/timer.c.obj
                0x20002218                hardware_alarm_set_target
 .text.hardware_alarm_cancel
                0x200022f4       0x3c CMakeFiles/picoprobe.dir/C_/Users/Manab_Kumar_Biswas/pico-apps/tools/pico-sdk/src/rp2_common/hardware_timer/timer.c.obj
                0x200022f4                hardware_alarm_cancel
 .text.ph_merge_nodes
                0x20002330       0x64 CMakeFiles/picoprobe.dir/C_/Users/Manab_Kumar_Biswas/pico-apps/tools/pico-sdk/src/common/pico_util/pheap.c.obj
 .text.ph_post_alloc_init
                0x20002394       0x3c CMakeFiles/picoprobe.dir/C_/Users/Manab_Kumar_Biswas/pico-apps/tools/pico-sdk/src/common/pico_util/pheap.c.obj
                0x20002394                ph_post_alloc_init
 .text.ph_merge_two_pass
                0x200023d0       0x98 CMakeFiles/picoprobe.dir/C_/Users/Manab_Kumar_Biswas/pico-apps/tools/pico-sdk/src/common/pico_util/pheap.c.obj
                0x200023d0                ph_merge_two_pass
 .text.ph_remove_any_head
                0x20002468      0x12c CMakeFiles/picoprobe.dir/C_/Users/Manab_Kumar_Biswas/pico-apps/tools/pico-sdk/src/common/pico_util/pheap.c.obj
 .text.ph_remove_head
                0x20002594      0x130 CMakeFiles/picoprobe.dir/C_/Users/Manab_Kumar_Biswas/pico-apps/tools/pico-sdk/src/common/pico_util/pheap.c.obj
                0x20002594                ph_remove_head
 .text.ph_remove_and_free_node
                0x200026c4       0x78 CMakeFiles/picoprobe.dir/C_/Users/Manab_Kumar_Biswas/pico-apps/tools/pico-sdk/src/common/pico_util/pheap.c.obj
                0x200026c4                ph_remove_and_free_node
 .text.mutex_init
                0x2000273c       0x1c CMakeFiles/picoprobe.dir/C_/Users/Manab_Kumar_Biswas/pico-apps/tools/pico-sdk/src/common/pico_sync/mutex.c.obj
                0x2000273c                mutex_init
 .text.recursive_mutex_init
                0x20002758       0x20 CMakeFiles/picoprobe.dir/C_/Users/Manab_Kumar_Biswas/pico-apps/tools/pico-sdk/src/common/pico_sync/mutex.c.obj
                0x20002758                recursive_mutex_init
 .text.critical_section_init
                0x20002778       0x1c CMakeFiles/picoprobe.dir/C_/Users/Manab_Kumar_Biswas/pico-apps/tools/pico-sdk/src/common/pico_sync/critical_section.c.obj
                0x20002778                critical_section_init
 .text.irq_set_enabled
                0x20002794       0x24 CMakeFiles/picoprobe.dir/C_/Users/Manab_Kumar_Biswas/pico-apps/tools/pico-sdk/src/rp2_common/hardware_irq/irq.c.obj
                0x20002794                irq_set_enabled
 .text.irq_get_vtable_handler
                0x200027b8       0x10 CMakeFiles/picoprobe.dir/C_/Users/Manab_Kumar_Biswas/pico-apps/tools/pico-sdk/src/rp2_common/hardware_irq/irq.c.obj
                0x200027b8                irq_get_vtable_handler
 .text.irq_set_exclusive_handler
                0x200027c8       0x54 CMakeFiles/picoprobe.dir/C_/Users/Manab_Kumar_Biswas/pico-apps/tools/pico-sdk/src/rp2_common/hardware_irq/irq.c.obj
                0x200027c8                irq_set_exclusive_handler
 .text.irq_remove_handler
                0x2000281c      0x1cc CMakeFiles/picoprobe.dir/C_/Users/Manab_Kumar_Biswas/pico-apps/tools/pico-sdk/src/rp2_common/hardware_irq/irq.c.obj
                0x2000281c                irq_remove_handler
 .text.irq_set_priority
                0x200029e8       0x28 CMakeFiles/picoprobe.dir/C_/Users/Manab_Kumar_Biswas/pico-apps/tools/pico-sdk/src/rp2_common/hardware_irq/irq.c.obj
                0x200029e8                irq_set_priority
 .text.irq_add_tail_to_free_list
                0x20002a10       0xb4 CMakeFiles/picoprobe.dir/C_/Users/Manab_Kumar_Biswas/pico-apps/tools/pico-sdk/src/rp2_common/hardware_irq/irq.c.obj
                0x20002a10                irq_add_tail_to_free_list
 .text.irq_init_priorities
                0x20002ac4       0x24 CMakeFiles/picoprobe.dir/C_/Users/Manab_Kumar_Biswas/pico-apps/tools/pico-sdk/src/rp2_common/hardware_irq/irq.c.obj
                0x20002ac4                irq_init_priorities
 .text.gpio_set_function
                0x20002ae8       0x30 CMakeFiles/picoprobe.dir/C_/Users/Manab_Kumar_Biswas/pico-apps/tools/pico-sdk/src/rp2_common/hardware_gpio/gpio.c.obj
                0x20002ae8                gpio_set_function
 .text.gpio_get_function
                0x20002b18       0x14 CMakeFiles/picoprobe.dir/C_/Users/Manab_Kumar_Biswas/pico-apps/tools/pico-sdk/src/rp2_common/hardware_gpio/gpio.c.obj
                0x20002b18                gpio_get_function
 .text.gpio_set_pulls
                0x20002b2c       0x24 CMakeFiles/picoprobe.dir/C_/Users/Manab_Kumar_Biswas/pico-apps/tools/pico-sdk/src/rp2_common/hardware_gpio/gpio.c.obj
                0x20002b2c                gpio_set_pulls
 .text.gpio_set_inover
                0x20002b50       0x24 CMakeFiles/picoprobe.dir/C_/Users/Manab_Kumar_Biswas/pico-apps/tools/pico-sdk/src/rp2_common/hardware_gpio/gpio.c.obj
                0x20002b50                gpio_set_inover
 .text.gpio_set_oeover
                0x20002b74       0x24 CMakeFiles/picoprobe.dir/C_/Users/Manab_Kumar_Biswas/pico-apps/tools/pico-sdk/src/rp2_common/hardware_gpio/gpio.c.obj
                0x20002b74                gpio_set_oeover
 .text.gpio_init
                0x20002b98       0x3c CMakeFiles/picoprobe.dir/C_/Users/Manab_Kumar_Biswas/pico-apps/tools/pico-sdk/src/rp2_common/hardware_gpio/gpio.c.obj
                0x20002b98                gpio_init
 .text.uart_init
                0x20002bd4       0xe0 CMakeFiles/picoprobe.dir/C_/Users/Manab_Kumar_Biswas/pico-apps/tools/pico-sdk/src/rp2_common/hardware_uart/uart.c.obj
                0x20002bd4                uart_init
 .text.uart_deinit
                0x20002cb4       0x24 CMakeFiles/picoprobe.dir/C_/Users/Manab_Kumar_Biswas/pico-apps/tools/pico-sdk/src/rp2_common/hardware_uart/uart.c.obj
                0x20002cb4                uart_deinit
 .text.runtime_init
                0x20002cd8       0xf0 CMakeFiles/picoprobe.dir/C_/Users/Manab_Kumar_Biswas/pico-apps/tools/pico-sdk/src/rp2_common/pico_runtime/runtime.c.obj
                0x20002cd8                runtime_init
 .text.exit     0x20002dc8        0x4 CMakeFiles/picoprobe.dir/C_/Users/Manab_Kumar_Biswas/pico-apps/tools/pico-sdk/src/rp2_common/pico_runtime/runtime.c.obj
                0x20002dc8                exit
 .text.panic    0x20002dcc       0x30 CMakeFiles/picoprobe.dir/C_/Users/Manab_Kumar_Biswas/pico-apps/tools/pico-sdk/src/rp2_common/pico_runtime/runtime.c.obj
                0x20002dcc                panic
 .text.panic_unsupported
                0x20002dfc        0xc CMakeFiles/picoprobe.dir/C_/Users/Manab_Kumar_Biswas/pico-apps/tools/pico-sdk/src/rp2_common/pico_runtime/runtime.c.obj
                0x20002dfc                panic_unsupported
 .text.hard_assertion_failure
                0x20002e08        0xc CMakeFiles/picoprobe.dir/C_/Users/Manab_Kumar_Biswas/pico-apps/tools/pico-sdk/src/rp2_common/pico_runtime/runtime.c.obj
                0x20002e08                hard_assertion_failure
 .text.clocks_init
                0x20002e14      0x2b4 CMakeFiles/picoprobe.dir/C_/Users/Manab_Kumar_Biswas/pico-apps/tools/pico-sdk/src/rp2_common/hardware_clocks/clocks.c.obj
                0x20002e14                clocks_init
 .text.clock_get_hz
                0x200030c8        0xc CMakeFiles/picoprobe.dir/C_/Users/Manab_Kumar_Biswas/pico-apps/tools/pico-sdk/src/rp2_common/hardware_clocks/clocks.c.obj
                0x200030c8                clock_get_hz
 .text.pll_init
                0x200030d4       0xa8 CMakeFiles/picoprobe.dir/C_/Users/Manab_Kumar_Biswas/pico-apps/tools/pico-sdk/src/rp2_common/hardware_pll/pll.c.obj
                0x200030d4                pll_init
 .text.watchdog_start_tick
                0x2000317c       0x10 CMakeFiles/picoprobe.dir/C_/Users/Manab_Kumar_Biswas/pico-apps/tools/pico-sdk/src/rp2_common/hardware_watchdog/watchdog.c.obj
                0x2000317c                watchdog_start_tick
 .text.xosc_init
                0x2000318c       0x28 CMakeFiles/picoprobe.dir/C_/Users/Manab_Kumar_Biswas/pico-apps/tools/pico-sdk/src/rp2_common/hardware_xosc/xosc.c.obj
                0x2000318c                xosc_init
 .text._out_char
                0x200031b4       0x10 CMakeFiles/picoprobe.dir/C_/Users/Manab_Kumar_Biswas/pico-apps/tools/pico-sdk/src/rp2_common/pico_printf/printf.c.obj
 .text.weak_raw_vprintf
                0x200031c4       0x30 CMakeFiles/picoprobe.dir/C_/Users/Manab_Kumar_Biswas/pico-apps/tools/pico-sdk/src/rp2_common/pico_printf/printf.c.obj
                0x200031c4                weak_raw_vprintf
 .text          0x200031f4       0x10 CMakeFiles/picoprobe.dir/C_/Users/Manab_Kumar_Biswas/pico-apps/tools/pico-sdk/src/rp2_common/pico_bit_ops/bit_ops_aeabi.S.obj
 .text.popcountsi
                0x20003204        0xc CMakeFiles/picoprobe.dir/C_/Users/Manab_Kumar_Biswas/pico-apps/tools/pico-sdk/src/rp2_common/pico_bit_ops/bit_ops_aeabi.S.obj
                0x20003204                __wrap___popcountsi2
 .text.rom_func_lookup
                0x20003210       0x10 CMakeFiles/picoprobe.dir/C_/Users/Manab_Kumar_Biswas/pico-apps/tools/pico-sdk/src/rp2_common/pico_bootrom/bootrom.c.obj
                0x20003210                rom_func_lookup
 .text.rom_data_lookup
                0x20003220       0x10 CMakeFiles/picoprobe.dir/C_/Users/Manab_Kumar_Biswas/pico-apps/tools/pico-sdk/src/rp2_common/pico_bootrom/bootrom.c.obj
                0x20003220                rom_data_lookup
 .text.rom_funcs_lookup
                0x20003230       0x44 CMakeFiles/picoprobe.dir/C_/Users/Manab_Kumar_Biswas/pico-apps/tools/pico-sdk/src/rp2_common/pico_bootrom/bootrom.c.obj
                0x20003230                rom_funcs_lookup
 .text.__wrap___aeabi_uidiv
                0x20003274       0x4c CMakeFiles/picoprobe.dir/C_/Users/Manab_Kumar_Biswas/pico-apps/tools/pico-sdk/src/rp2_common/pico_divider/divider.S.obj
                0x20003274                __wrap___aeabi_uidiv
                0x20003274                __wrap___aeabi_uidivmod
                0x20003274                div_u32u32
                0x20003274                divmod_u32u32
                0x2000327c                divmod_u32u32_unsafe
                0x200032a4                divmod_u32u32_savestate
 .text.__wrap___aeabi_ldiv
                0x200032c0      0x434 CMakeFiles/picoprobe.dir/C_/Users/Manab_Kumar_Biswas/pico-apps/tools/pico-sdk/src/rp2_common/pico_divider/divider.S.obj
                0x200032c0                div_s64s64
                0x200032c0                divmod_s64s64
                0x200032c0                __wrap___aeabi_ldivmod
                0x200032f8                divmod_u64u64
                0x200032f8                div_u64u64
                0x200032f8                __wrap___aeabi_uldivmod
                0x20003308                divmod_u64u64_savestate
                0x20003330                divmod_s64s64_unsafe
                0x200033b8                divmod_u64u64_unsafe
 .text.__aeabi_double_init
                0x200036f4       0x98 CMakeFiles/picoprobe.dir/C_/Users/Manab_Kumar_Biswas/pico-apps/tools/pico-sdk/src/rp2_common/pico_double/double_init_rom.c.obj
                0x200036f4                __aeabi_double_init
 .text.double_table_shim_on_use_helper
                0x2000378c       0x2c CMakeFiles/picoprobe.dir/C_/Users/Manab_Kumar_Biswas/pico-apps/tools/pico-sdk/src/rp2_common/pico_double/double_v1_rom_shim.S.obj
                0x2000378c                double_table_shim_on_use_helper
 .text.__aeabi_lmul
                0x200037b8       0x32 CMakeFiles/picoprobe.dir/C_/Users/Manab_Kumar_Biswas/pico-apps/tools/pico-sdk/src/rp2_common/pico_int64_ops/pico_int64_ops_aeabi.S.obj
                0x200037b8                __wrap___aeabi_lmul
 *fill*         0x200037ea        0x2 
 .text.__aeabi_float_init
                0x200037ec       0x64 CMakeFiles/picoprobe.dir/C_/Users/Manab_Kumar_Biswas/pico-apps/tools/pico-sdk/src/rp2_common/pico_float/float_init_rom.c.obj
                0x200037ec                __aeabi_float_init
 .text.float_table_shim_on_use_helper
                0x20003850       0x2c CMakeFiles/picoprobe.dir/C_/Users/Manab_Kumar_Biswas/pico-apps/tools/pico-sdk/src/rp2_common/pico_float/float_v1_rom_shim.S.obj
                0x20003850                float_table_shim_on_use_helper
 .text          0x2000387c       0x10 CMakeFiles/picoprobe.dir/C_/Users/Manab_Kumar_Biswas/pico-apps/tools/pico-sdk/src/rp2_common/pico_mem_ops/mem_ops_aeabi.S.obj
                0x2000387c                __aeabi_mem_init
 .text.memset   0x2000388c        0xc CMakeFiles/picoprobe.dir/C_/Users/Manab_Kumar_Biswas/pico-apps/tools/pico-sdk/src/rp2_common/pico_mem_ops/mem_ops_aeabi.S.obj
                0x2000388c                __wrap_memset
 .text.memcpy   0x20003898        0xc CMakeFiles/picoprobe.dir/C_/Users/Manab_Kumar_Biswas/pico-apps/tools/pico-sdk/src/rp2_common/pico_mem_ops/mem_ops_aeabi.S.obj
                0x20003898                __wrap_memcpy
                0x20003898                __wrap___aeabi_memcpy
 .text.stdio_out_chars_crlf
                0x200038a4       0xbc CMakeFiles/picoprobe.dir/C_/Users/Manab_Kumar_Biswas/pico-apps/tools/pico-sdk/src/rp2_common/pico_stdio/stdio.c.obj
 .text.__wrap_putchar
                0x20003960       0xa0 CMakeFiles/picoprobe.dir/C_/Users/Manab_Kumar_Biswas/pico-apps/tools/pico-sdk/src/rp2_common/pico_stdio/stdio.c.obj
                0x20003960                __wrap_putchar
 .text.__wrap_puts
                0x20003a00       0xe8 CMakeFiles/picoprobe.dir/C_/Users/Manab_Kumar_Biswas/pico-apps/tools/pico-sdk/src/rp2_common/pico_stdio/stdio.c.obj
                0x20003a00                __wrap_puts
 .text.stdio_set_driver_enabled
                0x20003ae8       0x30 CMakeFiles/picoprobe.dir/C_/Users/Manab_Kumar_Biswas/pico-apps/tools/pico-sdk/src/rp2_common/pico_stdio/stdio.c.obj
                0x20003ae8                stdio_set_driver_enabled
 .text.stdio_uart_out_chars
                0x20003b18       0x4c CMakeFiles/picoprobe.dir/C_/Users/Manab_Kumar_Biswas/pico-apps/tools/pico-sdk/src/rp2_common/pico_stdio_uart/stdio_uart.c.obj
 .text.stdio_uart_in_chars
                0x20003b64       0x38 CMakeFiles/picoprobe.dir/C_/Users/Manab_Kumar_Biswas/pico-apps/tools/pico-sdk/src/rp2_common/pico_stdio_uart/stdio_uart.c.obj
                0x20003b64                stdio_uart_in_chars
 .text.stdio_uart_init_full
                0x20003b9c       0x38 CMakeFiles/picoprobe.dir/C_/Users/Manab_Kumar_Biswas/pico-apps/tools/pico-sdk/src/rp2_common/pico_stdio_uart/stdio_uart.c.obj
                0x20003b9c                stdio_uart_init_full
 .text.startup._retrieve_unique_id_on_boot
                0x20003bd4       0x10 CMakeFiles/picoprobe.dir/C_/Users/Manab_Kumar_Biswas/pico-apps/tools/pico-sdk/src/rp2_common/pico_unique_id/unique_id.c.obj
 .text.pico_get_unique_board_id
                0x20003be4       0x10 CMakeFiles/picoprobe.dir/C_/Users/Manab_Kumar_Biswas/pico-apps/tools/pico-sdk/src/rp2_common/pico_unique_id/unique_id.c.obj
                0x20003be4                pico_get_unique_board_id
 .text.flash_get_unique_id
                0x20003bf4       0x40 CMakeFiles/picoprobe.dir/C_/Users/Manab_Kumar_Biswas/pico-apps/tools/pico-sdk/src/rp2_common/hardware_flash/flash.c.obj
                0x20003bf4                flash_get_unique_id
 .text.dcd_rp2040_irq
                0x20003c34      0x1d8 CMakeFiles/picoprobe.dir/C_/Users/Manab_Kumar_Biswas/pico-apps/tools/pico-sdk/lib/tinyusb/src/portable/raspberrypi/rp2040/dcd_rp2040.c.obj
 .text.dcd_int_enable
                0x20003e0c        0xc CMakeFiles/picoprobe.dir/C_/Users/Manab_Kumar_Biswas/pico-apps/tools/pico-sdk/lib/tinyusb/src/portable/raspberrypi/rp2040/dcd_rp2040.c.obj
                0x20003e0c                dcd_int_enable
 .text.dcd_set_address
                0x20003e18       0x14 CMakeFiles/picoprobe.dir/C_/Users/Manab_Kumar_Biswas/pico-apps/tools/pico-sdk/lib/tinyusb/src/portable/raspberrypi/rp2040/dcd_rp2040.c.obj
                0x20003e18                dcd_set_address
 .text.dcd_connect
                0x20003e2c       0x10 CMakeFiles/picoprobe.dir/C_/Users/Manab_Kumar_Biswas/pico-apps/tools/pico-sdk/lib/tinyusb/src/portable/raspberrypi/rp2040/dcd_rp2040.c.obj
                0x20003e2c                dcd_connect
 .text.dcd_init
                0x20003e3c       0xf0 CMakeFiles/picoprobe.dir/C_/Users/Manab_Kumar_Biswas/pico-apps/tools/pico-sdk/lib/tinyusb/src/portable/raspberrypi/rp2040/dcd_rp2040.c.obj
                0x20003e3c                dcd_init
 .text.dcd_edpt0_status_complete
                0x20003f2c       0x1c CMakeFiles/picoprobe.dir/C_/Users/Manab_Kumar_Biswas/pico-apps/tools/pico-sdk/lib/tinyusb/src/portable/raspberrypi/rp2040/dcd_rp2040.c.obj
                0x20003f2c                dcd_edpt0_status_complete
 .text.dcd_edpt_open
                0x20003f48       0xf0 CMakeFiles/picoprobe.dir/C_/Users/Manab_Kumar_Biswas/pico-apps/tools/pico-sdk/lib/tinyusb/src/portable/raspberrypi/rp2040/dcd_rp2040.c.obj
                0x20003f48                dcd_edpt_open
 .text.dcd_edpt_close_all
                0x20004038       0x68 CMakeFiles/picoprobe.dir/C_/Users/Manab_Kumar_Biswas/pico-apps/tools/pico-sdk/lib/tinyusb/src/portable/raspberrypi/rp2040/dcd_rp2040.c.obj
                0x20004038                dcd_edpt_close_all
 .text.dcd_edpt_xfer
                0x200040a0       0x24 CMakeFiles/picoprobe.dir/C_/Users/Manab_Kumar_Biswas/pico-apps/tools/pico-sdk/lib/tinyusb/src/portable/raspberrypi/rp2040/dcd_rp2040.c.obj
                0x200040a0                dcd_edpt_xfer
 .text.dcd_edpt_stall
                0x200040c4       0x38 CMakeFiles/picoprobe.dir/C_/Users/Manab_Kumar_Biswas/pico-apps/tools/pico-sdk/lib/tinyusb/src/portable/raspberrypi/rp2040/dcd_rp2040.c.obj
                0x200040c4                dcd_edpt_stall
 .text.dcd_edpt_clear_stall
                0x200040fc       0x30 CMakeFiles/picoprobe.dir/C_/Users/Manab_Kumar_Biswas/pico-apps/tools/pico-sdk/lib/tinyusb/src/portable/raspberrypi/rp2040/dcd_rp2040.c.obj
                0x200040fc                dcd_edpt_clear_stall
 .text._hw_endpoint_buffer_control_update32.part.0.isra.0
                0x2000412c       0x1c CMakeFiles/picoprobe.dir/C_/Users/Manab_Kumar_Biswas/pico-apps/tools/pico-sdk/lib/tinyusb/src/portable/raspberrypi/rp2040/rp2040_usb.c.obj
 .text.rp2040_usb_init
                0x20004148       0x4c CMakeFiles/picoprobe.dir/C_/Users/Manab_Kumar_Biswas/pico-apps/tools/pico-sdk/lib/tinyusb/src/portable/raspberrypi/rp2040/rp2040_usb.c.obj
                0x20004148                rp2040_usb_init
 .text.hw_endpoint_reset_transfer
                0x20004194        0xc CMakeFiles/picoprobe.dir/C_/Users/Manab_Kumar_Biswas/pico-apps/tools/pico-sdk/lib/tinyusb/src/portable/raspberrypi/rp2040/rp2040_usb.c.obj
                0x20004194                hw_endpoint_reset_transfer
 .text._hw_endpoint_buffer_control_update32
                0x200041a0       0x44 CMakeFiles/picoprobe.dir/C_/Users/Manab_Kumar_Biswas/pico-apps/tools/pico-sdk/lib/tinyusb/src/portable/raspberrypi/rp2040/rp2040_usb.c.obj
                0x200041a0                _hw_endpoint_buffer_control_update32
 .text.hw_endpoint_xfer_start
                0x200041e4      0x138 CMakeFiles/picoprobe.dir/C_/Users/Manab_Kumar_Biswas/pico-apps/tools/pico-sdk/lib/tinyusb/src/portable/raspberrypi/rp2040/rp2040_usb.c.obj
                0x200041e4                hw_endpoint_xfer_start
 .text.hw_endpoint_xfer_continue
                0x2000431c      0x1dc CMakeFiles/picoprobe.dir/C_/Users/Manab_Kumar_Biswas/pico-apps/tools/pico-sdk/lib/tinyusb/src/portable/raspberrypi/rp2040/rp2040_usb.c.obj
                0x2000431c                hw_endpoint_xfer_continue
 .text.tud_mounted
                0x200044f8       0x10 CMakeFiles/picoprobe.dir/C_/Users/Manab_Kumar_Biswas/pico-apps/tools/pico-sdk/lib/tinyusb/src/device/usbd.c.obj
                0x200044f8                tud_mounted
 .text.tud_suspended
                0x20004508       0x10 CMakeFiles/picoprobe.dir/C_/Users/Manab_Kumar_Biswas/pico-apps/tools/pico-sdk/lib/tinyusb/src/device/usbd.c.obj
                0x20004508                tud_suspended
 .text.tud_inited
                0x20004518        0xc CMakeFiles/picoprobe.dir/C_/Users/Manab_Kumar_Biswas/pico-apps/tools/pico-sdk/lib/tinyusb/src/device/usbd.c.obj
                0x20004518                tud_inited
 .text.tud_init
                0x20004524      0x10c CMakeFiles/picoprobe.dir/C_/Users/Manab_Kumar_Biswas/pico-apps/tools/pico-sdk/lib/tinyusb/src/device/usbd.c.obj
                0x20004524                tud_init
 .text.tud_task
                0x20004630      0xa10 CMakeFiles/picoprobe.dir/C_/Users/Manab_Kumar_Biswas/pico-apps/tools/pico-sdk/lib/tinyusb/src/device/usbd.c.obj
                0x20004630                tud_task
 .text.dcd_event_bus_signal
                0x20005040      0x124 CMakeFiles/picoprobe.dir/C_/Users/Manab_Kumar_Biswas/pico-apps/tools/pico-sdk/lib/tinyusb/src/device/usbd.c.obj
                0x20005040                dcd_event_bus_signal
 .text.dcd_event_bus_reset
                0x20005164       0x58 CMakeFiles/picoprobe.dir/C_/Users/Manab_Kumar_Biswas/pico-apps/tools/pico-sdk/lib/tinyusb/src/device/usbd.c.obj
                0x20005164                dcd_event_bus_reset
 .text.dcd_event_setup_received
                0x200051bc       0x50 CMakeFiles/picoprobe.dir/C_/Users/Manab_Kumar_Biswas/pico-apps/tools/pico-sdk/lib/tinyusb/src/device/usbd.c.obj
                0x200051bc                dcd_event_setup_received
 .text.dcd_event_xfer_complete
                0x2000520c       0x68 CMakeFiles/picoprobe.dir/C_/Users/Manab_Kumar_Biswas/pico-apps/tools/pico-sdk/lib/tinyusb/src/device/usbd.c.obj
                0x2000520c                dcd_event_xfer_complete
 .text.usbd_open_edpt_pair
                0x20005274       0x94 CMakeFiles/picoprobe.dir/C_/Users/Manab_Kumar_Biswas/pico-apps/tools/pico-sdk/lib/tinyusb/src/device/usbd.c.obj
                0x20005274                usbd_open_edpt_pair
 .text.usbd_edpt_open
                0x20005308       0x30 CMakeFiles/picoprobe.dir/C_/Users/Manab_Kumar_Biswas/pico-apps/tools/pico-sdk/lib/tinyusb/src/device/usbd.c.obj
                0x20005308                usbd_edpt_open
 .text.usbd_edpt_claim
                0x20005338       0x64 CMakeFiles/picoprobe.dir/C_/Users/Manab_Kumar_Biswas/pico-apps/tools/pico-sdk/lib/tinyusb/src/device/usbd.c.obj
                0x20005338                usbd_edpt_claim
 .text.usbd_edpt_release
                0x2000539c       0x4c CMakeFiles/picoprobe.dir/C_/Users/Manab_Kumar_Biswas/pico-apps/tools/pico-sdk/lib/tinyusb/src/device/usbd.c.obj
                0x2000539c                usbd_edpt_release
 .text.usbd_edpt_xfer
                0x200053e8       0x44 CMakeFiles/picoprobe.dir/C_/Users/Manab_Kumar_Biswas/pico-apps/tools/pico-sdk/lib/tinyusb/src/device/usbd.c.obj
                0x200053e8                usbd_edpt_xfer
 .text.usbd_edpt_busy
                0x2000542c       0x1c CMakeFiles/picoprobe.dir/C_/Users/Manab_Kumar_Biswas/pico-apps/tools/pico-sdk/lib/tinyusb/src/device/usbd.c.obj
                0x2000542c                usbd_edpt_busy
 .text.tud_control_status
                0x20005448       0x2c CMakeFiles/picoprobe.dir/C_/Users/Manab_Kumar_Biswas/pico-apps/tools/pico-sdk/lib/tinyusb/src/device/usbd_control.c.obj
                0x20005448                tud_control_status
 .text.tud_control_xfer
                0x20005474       0xac CMakeFiles/picoprobe.dir/C_/Users/Manab_Kumar_Biswas/pico-apps/tools/pico-sdk/lib/tinyusb/src/device/usbd_control.c.obj
                0x20005474                tud_control_xfer
 .text.usbd_control_reset
                0x20005520       0x14 CMakeFiles/picoprobe.dir/C_/Users/Manab_Kumar_Biswas/pico-apps/tools/pico-sdk/lib/tinyusb/src/device/usbd_control.c.obj
                0x20005520                usbd_control_reset
 .text.usbd_control_set_complete_callback
                0x20005534        0xc CMakeFiles/picoprobe.dir/C_/Users/Manab_Kumar_Biswas/pico-apps/tools/pico-sdk/lib/tinyusb/src/device/usbd_control.c.obj
                0x20005534                usbd_control_set_complete_callback
 .text.usbd_control_set_request
                0x20005540       0x1c CMakeFiles/picoprobe.dir/C_/Users/Manab_Kumar_Biswas/pico-apps/tools/pico-sdk/lib/tinyusb/src/device/usbd_control.c.obj
                0x20005540                usbd_control_set_request
 .text.usbd_control_xfer_cb
                0x2000555c       0xf4 CMakeFiles/picoprobe.dir/C_/Users/Manab_Kumar_Biswas/pico-apps/tools/pico-sdk/lib/tinyusb/src/device/usbd_control.c.obj
                0x2000555c                usbd_control_xfer_cb
 .text.tud_cdc_n_connected
                0x20005650       0x30 CMakeFiles/picoprobe.dir/C_/Users/Manab_Kumar_Biswas/pico-apps/tools/pico-sdk/lib/tinyusb/src/class/cdc/cdc_device.c.obj
                0x20005650                tud_cdc_n_connected
 .text.tud_cdc_n_available
                0x20005680       0x18 CMakeFiles/picoprobe.dir/C_/Users/Manab_Kumar_Biswas/pico-apps/tools/pico-sdk/lib/tinyusb/src/class/cdc/cdc_device.c.obj
                0x20005680                tud_cdc_n_available
 .text.tud_cdc_n_read
                0x20005698       0x6c CMakeFiles/picoprobe.dir/C_/Users/Manab_Kumar_Biswas/pico-apps/tools/pico-sdk/lib/tinyusb/src/class/cdc/cdc_device.c.obj
                0x20005698                tud_cdc_n_read
 .text.tud_cdc_n_read_flush
                0x20005704       0x58 CMakeFiles/picoprobe.dir/C_/Users/Manab_Kumar_Biswas/pico-apps/tools/pico-sdk/lib/tinyusb/src/class/cdc/cdc_device.c.obj
                0x20005704                tud_cdc_n_read_flush
 .text.tud_cdc_n_write_flush
                0x2000575c       0x74 CMakeFiles/picoprobe.dir/C_/Users/Manab_Kumar_Biswas/pico-apps/tools/pico-sdk/lib/tinyusb/src/class/cdc/cdc_device.c.obj
                0x2000575c                tud_cdc_n_write_flush
 .text.tud_cdc_n_write
                0x200057d0       0x34 CMakeFiles/picoprobe.dir/C_/Users/Manab_Kumar_Biswas/pico-apps/tools/pico-sdk/lib/tinyusb/src/class/cdc/cdc_device.c.obj
                0x200057d0                tud_cdc_n_write
 .text.tud_cdc_n_write_available
                0x20005804       0x18 CMakeFiles/picoprobe.dir/C_/Users/Manab_Kumar_Biswas/pico-apps/tools/pico-sdk/lib/tinyusb/src/class/cdc/cdc_device.c.obj
                0x20005804                tud_cdc_n_write_available
 .text.tud_cdc_n_write_clear
                0x2000581c       0x18 CMakeFiles/picoprobe.dir/C_/Users/Manab_Kumar_Biswas/pico-apps/tools/pico-sdk/lib/tinyusb/src/class/cdc/cdc_device.c.obj
                0x2000581c                tud_cdc_n_write_clear
 .text.cdcd_init
                0x20005834       0x70 CMakeFiles/picoprobe.dir/C_/Users/Manab_Kumar_Biswas/pico-apps/tools/pico-sdk/lib/tinyusb/src/class/cdc/cdc_device.c.obj
                0x20005834                cdcd_init
 .text.cdcd_reset
                0x200058a4       0x2c CMakeFiles/picoprobe.dir/C_/Users/Manab_Kumar_Biswas/pico-apps/tools/pico-sdk/lib/tinyusb/src/class/cdc/cdc_device.c.obj
                0x200058a4                cdcd_reset
 .text.cdcd_open
                0x200058d0       0xe0 CMakeFiles/picoprobe.dir/C_/Users/Manab_Kumar_Biswas/pico-apps/tools/pico-sdk/lib/tinyusb/src/class/cdc/cdc_device.c.obj
                0x200058d0                cdcd_open
 .text.cdcd_control_xfer_cb
                0x200059b0       0xe4 CMakeFiles/picoprobe.dir/C_/Users/Manab_Kumar_Biswas/pico-apps/tools/pico-sdk/lib/tinyusb/src/class/cdc/cdc_device.c.obj
                0x200059b0                cdcd_control_xfer_cb
 .text.cdcd_xfer_cb
                0x20005a94      0x138 CMakeFiles/picoprobe.dir/C_/Users/Manab_Kumar_Biswas/pico-apps/tools/pico-sdk/lib/tinyusb/src/class/cdc/cdc_device.c.obj
                0x20005a94                cdcd_xfer_cb
 .text.tud_hid_n_report
                0x20005bcc       0x90 CMakeFiles/picoprobe.dir/C_/Users/Manab_Kumar_Biswas/pico-apps/tools/pico-sdk/lib/tinyusb/src/class/hid/hid_device.c.obj
                0x20005bcc                tud_hid_n_report
 .text.hidd_init
                0x20005c5c       0x14 CMakeFiles/picoprobe.dir/C_/Users/Manab_Kumar_Biswas/pico-apps/tools/pico-sdk/lib/tinyusb/src/class/hid/hid_device.c.obj
                0x20005c5c                hidd_init
 .text.hidd_reset
                0x20005c70       0x14 CMakeFiles/picoprobe.dir/C_/Users/Manab_Kumar_Biswas/pico-apps/tools/pico-sdk/lib/tinyusb/src/class/hid/hid_device.c.obj
                0x20005c70                hidd_reset
 .text.hidd_open
                0x20005c84       0x8c CMakeFiles/picoprobe.dir/C_/Users/Manab_Kumar_Biswas/pico-apps/tools/pico-sdk/lib/tinyusb/src/class/hid/hid_device.c.obj
                0x20005c84                hidd_open
 .text.hidd_control_xfer_cb
                0x20005d10      0x1c4 CMakeFiles/picoprobe.dir/C_/Users/Manab_Kumar_Biswas/pico-apps/tools/pico-sdk/lib/tinyusb/src/class/hid/hid_device.c.obj
                0x20005d10                hidd_control_xfer_cb
 .text.hidd_xfer_cb
                0x20005ed4       0x60 CMakeFiles/picoprobe.dir/C_/Users/Manab_Kumar_Biswas/pico-apps/tools/pico-sdk/lib/tinyusb/src/class/hid/hid_device.c.obj
                0x20005ed4                hidd_xfer_cb
 .text.tud_vendor_n_available
                0x20005f34       0x18 CMakeFiles/picoprobe.dir/C_/Users/Manab_Kumar_Biswas/pico-apps/tools/pico-sdk/lib/tinyusb/src/class/vendor/vendor_device.c.obj
                0x20005f34                tud_vendor_n_available
 .text.tud_vendor_n_read
                0x20005f4c       0x5c CMakeFiles/picoprobe.dir/C_/Users/Manab_Kumar_Biswas/pico-apps/tools/pico-sdk/lib/tinyusb/src/class/vendor/vendor_device.c.obj
                0x20005f4c                tud_vendor_n_read
 .text.tud_vendor_n_write
                0x20005fa8       0x64 CMakeFiles/picoprobe.dir/C_/Users/Manab_Kumar_Biswas/pico-apps/tools/pico-sdk/lib/tinyusb/src/class/vendor/vendor_device.c.obj
                0x20005fa8                tud_vendor_n_write
 .text.vendord_init
                0x2000600c       0x6c CMakeFiles/picoprobe.dir/C_/Users/Manab_Kumar_Biswas/pico-apps/tools/pico-sdk/lib/tinyusb/src/class/vendor/vendor_device.c.obj
                0x2000600c                vendord_init
 .text.vendord_reset
                0x20006078       0x1c CMakeFiles/picoprobe.dir/C_/Users/Manab_Kumar_Biswas/pico-apps/tools/pico-sdk/lib/tinyusb/src/class/vendor/vendor_device.c.obj
                0x20006078                vendord_reset
 .text.vendord_open
                0x20006094       0xdc CMakeFiles/picoprobe.dir/C_/Users/Manab_Kumar_Biswas/pico-apps/tools/pico-sdk/lib/tinyusb/src/class/vendor/vendor_device.c.obj
                0x20006094                vendord_open
 .text.vendord_xfer_cb
                0x20006170       0x94 CMakeFiles/picoprobe.dir/C_/Users/Manab_Kumar_Biswas/pico-apps/tools/pico-sdk/lib/tinyusb/src/class/vendor/vendor_device.c.obj
                0x20006170                vendord_xfer_cb
 .text.tusb_init
                0x20006204        0xc CMakeFiles/picoprobe.dir/C_/Users/Manab_Kumar_Biswas/pico-apps/tools/pico-sdk/lib/tinyusb/src/tusb.c.obj
                0x20006204                tusb_init
 .text.tusb_inited
                0x20006210        0x8 CMakeFiles/picoprobe.dir/C_/Users/Manab_Kumar_Biswas/pico-apps/tools/pico-sdk/lib/tinyusb/src/tusb.c.obj
                0x20006210                tusb_inited
 .text.tu_edpt_validate
                0x20006218       0x80 CMakeFiles/picoprobe.dir/C_/Users/Manab_Kumar_Biswas/pico-apps/tools/pico-sdk/lib/tinyusb/src/tusb.c.obj
                0x20006218                tu_edpt_validate
 .text.tu_edpt_bind_driver
                0x20006298       0x2c CMakeFiles/picoprobe.dir/C_/Users/Manab_Kumar_Biswas/pico-apps/tools/pico-sdk/lib/tinyusb/src/tusb.c.obj
                0x20006298                tu_edpt_bind_driver
 .text.tu_fifo_config
                0x200062c4       0x74 CMakeFiles/picoprobe.dir/C_/Users/Manab_Kumar_Biswas/pico-apps/tools/pico-sdk/lib/tinyusb/src/common/tusb_fifo.c.obj
                0x200062c4                tu_fifo_config
 .text.tu_fifo_count
                0x20006338       0x20 CMakeFiles/picoprobe.dir/C_/Users/Manab_Kumar_Biswas/pico-apps/tools/pico-sdk/lib/tinyusb/src/common/tusb_fifo.c.obj
                0x20006338                tu_fifo_count
 .text.tu_fifo_empty
                0x20006358       0x10 CMakeFiles/picoprobe.dir/C_/Users/Manab_Kumar_Biswas/pico-apps/tools/pico-sdk/lib/tinyusb/src/common/tusb_fifo.c.obj
                0x20006358                tu_fifo_empty
 .text.tu_fifo_remaining
                0x20006368       0x1c CMakeFiles/picoprobe.dir/C_/Users/Manab_Kumar_Biswas/pico-apps/tools/pico-sdk/lib/tinyusb/src/common/tusb_fifo.c.obj
                0x20006368                tu_fifo_remaining
 .text.tu_fifo_read
                0x20006384       0xa4 CMakeFiles/picoprobe.dir/C_/Users/Manab_Kumar_Biswas/pico-apps/tools/pico-sdk/lib/tinyusb/src/common/tusb_fifo.c.obj
                0x20006384                tu_fifo_read
 .text.tu_fifo_read_n
                0x20006428      0x100 CMakeFiles/picoprobe.dir/C_/Users/Manab_Kumar_Biswas/pico-apps/tools/pico-sdk/lib/tinyusb/src/common/tusb_fifo.c.obj
                0x20006428                tu_fifo_read_n
 .text.tu_fifo_write
                0x20006528       0x78 CMakeFiles/picoprobe.dir/C_/Users/Manab_Kumar_Biswas/pico-apps/tools/pico-sdk/lib/tinyusb/src/common/tusb_fifo.c.obj
                0x20006528                tu_fifo_write
 .text.tu_fifo_write_n
                0x200065a0      0x100 CMakeFiles/picoprobe.dir/C_/Users/Manab_Kumar_Biswas/pico-apps/tools/pico-sdk/lib/tinyusb/src/common/tusb_fifo.c.obj
                0x200065a0                tu_fifo_write_n
 .text.tu_fifo_clear
                0x200066a0       0x4c CMakeFiles/picoprobe.dir/C_/Users/Manab_Kumar_Biswas/pico-apps/tools/pico-sdk/lib/tinyusb/src/common/tusb_fifo.c.obj
                0x200066a0                tu_fifo_clear
 .text.tu_fifo_set_overwritable
                0x200066ec       0x3c CMakeFiles/picoprobe.dir/C_/Users/Manab_Kumar_Biswas/pico-apps/tools/pico-sdk/lib/tinyusb/src/common/tusb_fifo.c.obj
                0x200066ec                tu_fifo_set_overwritable
 .text.hw_enumeration_fix_force_ls_j_done
                0x20006728       0x48 CMakeFiles/picoprobe.dir/C_/Users/Manab_Kumar_Biswas/pico-apps/tools/pico-sdk/src/rp2_common/pico_fix/rp2040_usb_device_enumeration/rp2040_usb_device_enumeration.c.obj
                0x20006728                hw_enumeration_fix_force_ls_j_done
 .text.hw_enumeration_fix_force_ls_j
                0x20006770      0x114 CMakeFiles/picoprobe.dir/C_/Users/Manab_Kumar_Biswas/pico-apps/tools/pico-sdk/src/rp2_common/pico_fix/rp2040_usb_device_enumeration/rp2040_usb_device_enumeration.c.obj
 .text.hw_enumeration_fix_wait_se0_callback
                0x20006884       0x24 CMakeFiles/picoprobe.dir/C_/Users/Manab_Kumar_Biswas/pico-apps/tools/pico-sdk/src/rp2_common/pico_fix/rp2040_usb_device_enumeration/rp2040_usb_device_enumeration.c.obj
                0x20006884                hw_enumeration_fix_wait_se0_callback
 .text.rp2040_usb_device_enumeration_fix
                0x200068a8       0x6c CMakeFiles/picoprobe.dir/C_/Users/Manab_Kumar_Biswas/pico-apps/tools/pico-sdk/src/rp2_common/pico_fix/rp2040_usb_device_enumeration/rp2040_usb_device_enumeration.c.obj
                0x200068a8                rp2040_usb_device_enumeration_fix
 .text.board_init
                0x20006914       0x30 CMakeFiles/picoprobe.dir/C_/Users/Manab_Kumar_Biswas/pico-apps/tools/pico-sdk/lib/tinyusb/hw/bsp/rp2040/family.c.obj
                0x20006914                board_init
 .text.pio_add_program
                0x20006944       0xf0 CMakeFiles/picoprobe.dir/C_/Users/Manab_Kumar_Biswas/pico-apps/tools/pico-sdk/src/rp2_common/hardware_pio/pio.c.obj
                0x20006944                pio_add_program
 .text.pio_remove_program
                0x20006a34       0x34 CMakeFiles/picoprobe.dir/C_/Users/Manab_Kumar_Biswas/pico-apps/tools/pico-sdk/src/rp2_common/hardware_pio/pio.c.obj
                0x20006a34                pio_remove_program
 .text.pio_sm_set_consecutive_pindirs
                0x20006a68       0x84 CMakeFiles/picoprobe.dir/C_/Users/Manab_Kumar_Biswas/pico-apps/tools/pico-sdk/src/rp2_common/hardware_pio/pio.c.obj
                0x20006a68                pio_sm_set_consecutive_pindirs
 .text.pio_sm_init
                0x20006aec       0x9c CMakeFiles/picoprobe.dir/C_/Users/Manab_Kumar_Biswas/pico-apps/tools/pico-sdk/src/rp2_common/hardware_pio/pio.c.obj
                0x20006aec                pio_sm_init
 .text.vPortSVCHandler
                0x20006b88        0x4 CMakeFiles/picoprobe.dir/freertos/portable/ThirdParty/GCC/RP2040/port.c.obj
                0x20006b88                vPortSVCHandler
 .text.vPortStartFirstTask
                0x20006b8c       0x28 CMakeFiles/picoprobe.dir/freertos/portable/ThirdParty/GCC/RP2040/port.c.obj
 .text.xPortPendSVHandler
                0x20006bb4       0x60 CMakeFiles/picoprobe.dir/freertos/portable/ThirdParty/GCC/RP2040/port.c.obj
                0x20006bb4                xPortPendSVHandler
 .text.prvFIFOInterruptHandler
                0x20006c14       0x78 CMakeFiles/picoprobe.dir/freertos/portable/ThirdParty/GCC/RP2040/port.c.obj
 .text.prvTaskExitError
                0x20006c8c        0x8 CMakeFiles/picoprobe.dir/freertos/portable/ThirdParty/GCC/RP2040/port.c.obj
 .text.pxPortInitialiseStack
                0x20006c94       0x20 CMakeFiles/picoprobe.dir/freertos/portable/ThirdParty/GCC/RP2040/port.c.obj
                0x20006c94                pxPortInitialiseStack
 .text.vPortYield
                0x20006cb4       0x18 CMakeFiles/picoprobe.dir/freertos/portable/ThirdParty/GCC/RP2040/port.c.obj
                0x20006cb4                vPortYield
 .text.vPortEnterCritical
                0x20006ccc       0x18 CMakeFiles/picoprobe.dir/freertos/portable/ThirdParty/GCC/RP2040/port.c.obj
                0x20006ccc                vPortEnterCritical
 .text.vPortExitCritical
                0x20006ce4       0x34 CMakeFiles/picoprobe.dir/freertos/portable/ThirdParty/GCC/RP2040/port.c.obj
                0x20006ce4                vPortExitCritical
 .text.ulSetInterruptMaskFromISR
                0x20006d18        0x8 CMakeFiles/picoprobe.dir/freertos/portable/ThirdParty/GCC/RP2040/port.c.obj
                0x20006d18                ulSetInterruptMaskFromISR
 .text.vClearInterruptMaskFromISR
                0x20006d20        0x8 CMakeFiles/picoprobe.dir/freertos/portable/ThirdParty/GCC/RP2040/port.c.obj
                0x20006d20                vClearInterruptMaskFromISR
 .text.xPortSysTickHandler
                0x20006d28       0x24 CMakeFiles/picoprobe.dir/freertos/portable/ThirdParty/GCC/RP2040/port.c.obj
                0x20006d28                xPortSysTickHandler
 .text.vPortSetupTimerInterrupt
                0x20006d4c       0x34 CMakeFiles/picoprobe.dir/freertos/portable/ThirdParty/GCC/RP2040/port.c.obj
                0x20006d4c                vPortSetupTimerInterrupt
 .text.xPortStartScheduler
                0x20006d80       0xa0 CMakeFiles/picoprobe.dir/freertos/portable/ThirdParty/GCC/RP2040/port.c.obj
                0x20006d80                xPortStartScheduler
 .text.ulPortLockGetCurrentOwnerId
                0x20006e20       0x2c CMakeFiles/picoprobe.dir/freertos/portable/ThirdParty/GCC/RP2040/port.c.obj
                0x20006e20                ulPortLockGetCurrentOwnerId
 .text.vPortLockInternalSpinUnlockWithWait
                0x20006e4c       0x68 CMakeFiles/picoprobe.dir/freertos/portable/ThirdParty/GCC/RP2040/port.c.obj
                0x20006e4c                vPortLockInternalSpinUnlockWithWait
 .text.vPortLockInternalSpinUnlockWithNotify
                0x20006eb4       0xc8 CMakeFiles/picoprobe.dir/freertos/portable/ThirdParty/GCC/RP2040/port.c.obj
                0x20006eb4                vPortLockInternalSpinUnlockWithNotify
 .text.xPortLockInternalSpinUnlockWithBestEffortWaitOrTimeout
                0x20006f7c       0xf4 CMakeFiles/picoprobe.dir/freertos/portable/ThirdParty/GCC/RP2040/port.c.obj
                0x20006f7c                xPortLockInternalSpinUnlockWithBestEffortWaitOrTimeout
 .text.startup.prvRuntimeInitializer
                0x20007070       0x28 CMakeFiles/picoprobe.dir/freertos/portable/ThirdParty/GCC/RP2040/port.c.obj
 .text.vEventGroupSetBitsCallback
                0x20007098       0x8c CMakeFiles/picoprobe.dir/freertos/event_groups.c.obj
                0x20007098                vEventGroupSetBitsCallback
 .text.xEventGroupCreate
                0x20007124       0x18 CMakeFiles/picoprobe.dir/freertos/event_groups.c.obj
                0x20007124                xEventGroupCreate
 .text.xEventGroupWaitBits
                0x2000713c       0xb8 CMakeFiles/picoprobe.dir/freertos/event_groups.c.obj
                0x2000713c                xEventGroupWaitBits
 .text.xEventGroupSetBits
                0x200071f4       0x90 CMakeFiles/picoprobe.dir/freertos/event_groups.c.obj
                0x200071f4                xEventGroupSetBits
 .text.xEventGroupSetBitsFromISR
                0x20007284       0x18 CMakeFiles/picoprobe.dir/freertos/event_groups.c.obj
                0x20007284                xEventGroupSetBitsFromISR
 .text.vListInitialise
                0x2000729c       0x18 CMakeFiles/picoprobe.dir/freertos/list.c.obj
                0x2000729c                vListInitialise
 .text.vListInitialiseItem
                0x200072b4        0x8 CMakeFiles/picoprobe.dir/freertos/list.c.obj
                0x200072b4                vListInitialiseItem
 .text.vListInsertEnd
                0x200072bc       0x18 CMakeFiles/picoprobe.dir/freertos/list.c.obj
                0x200072bc                vListInsertEnd
 .text.vListInsert
                0x200072d4       0x30 CMakeFiles/picoprobe.dir/freertos/list.c.obj
                0x200072d4                vListInsert
 .text.uxListRemove
                0x20007304       0x24 CMakeFiles/picoprobe.dir/freertos/list.c.obj
                0x20007304                uxListRemove
 .text.prvUnlockQueue
                0x20007328      0x17c CMakeFiles/picoprobe.dir/freertos/queue.c.obj
 .text.prvNotifyQueueSetContainer
                0x200074a4       0x90 CMakeFiles/picoprobe.dir/freertos/queue.c.obj
 .text.xQueueGenericCreate
                0x20007534       0xa4 CMakeFiles/picoprobe.dir/freertos/queue.c.obj
                0x20007534                xQueueGenericCreate
 .text.xQueueGenericSendFromISR
                0x200075d8      0x130 CMakeFiles/picoprobe.dir/freertos/queue.c.obj
                0x200075d8                xQueueGenericSendFromISR
 .text.xQueueReceive
                0x20007708      0x124 CMakeFiles/picoprobe.dir/freertos/queue.c.obj
                0x20007708                xQueueReceive
 .text.vQueueAddToRegistry
                0x2000782c      0x118 CMakeFiles/picoprobe.dir/freertos/queue.c.obj
                0x2000782c                vQueueAddToRegistry
 .text.vQueueWaitForMessageRestricted
                0x20007944       0x48 CMakeFiles/picoprobe.dir/freertos/queue.c.obj
                0x20007944                vQueueWaitForMessageRestricted
 .text.prvIdleTask
                0x2000798c       0x60 CMakeFiles/picoprobe.dir/freertos/tasks.c.obj
 .text.vTaskSwitchContext.part.0
                0x200079ec       0x80 CMakeFiles/picoprobe.dir/freertos/tasks.c.obj
 .text.xTaskCreate
                0x20007a6c      0x24c CMakeFiles/picoprobe.dir/freertos/tasks.c.obj
                0x20007a6c                xTaskCreate
 .text.vTaskSuspend
                0x20007cb8       0xcc CMakeFiles/picoprobe.dir/freertos/tasks.c.obj
                0x20007cb8                vTaskSuspend
 .text.vTaskResume
                0x20007d84       0x90 CMakeFiles/picoprobe.dir/freertos/tasks.c.obj
                0x20007d84                vTaskResume
 .text.vTaskStartScheduler
                0x20007e14      0x1dc CMakeFiles/picoprobe.dir/freertos/tasks.c.obj
                0x20007e14                vTaskStartScheduler
 .text.vTaskSuspendAll
                0x20007ff0       0x10 CMakeFiles/picoprobe.dir/freertos/tasks.c.obj
                0x20007ff0                vTaskSuspendAll
 .text.xTaskGetTickCount
                0x20008000        0xc CMakeFiles/picoprobe.dir/freertos/tasks.c.obj
                0x20008000                xTaskGetTickCount
 .text.uxTaskGetNumberOfTasks
                0x2000800c        0xc CMakeFiles/picoprobe.dir/freertos/tasks.c.obj
                0x2000800c                uxTaskGetNumberOfTasks
 .text.xTaskIncrementTick
                0x20008018      0x1c0 CMakeFiles/picoprobe.dir/freertos/tasks.c.obj
                0x20008018                xTaskIncrementTick
 .text.xTaskResumeAll
                0x200081d8      0x168 CMakeFiles/picoprobe.dir/freertos/tasks.c.obj
                0x200081d8                xTaskResumeAll
 .text.xTaskDelayUntil
                0x20008340       0x9c CMakeFiles/picoprobe.dir/freertos/tasks.c.obj
                0x20008340                xTaskDelayUntil
 .text.vTaskDelay
                0x200083dc       0x78 CMakeFiles/picoprobe.dir/freertos/tasks.c.obj
                0x200083dc                vTaskDelay
 .text.vTaskSwitchContext
                0x20008454       0x20 CMakeFiles/picoprobe.dir/freertos/tasks.c.obj
                0x20008454                vTaskSwitchContext
 .text.vTaskPlaceOnEventList
                0x20008474       0x94 CMakeFiles/picoprobe.dir/freertos/tasks.c.obj
                0x20008474                vTaskPlaceOnEventList
 .text.vTaskPlaceOnUnorderedEventList
                0x20008508       0xb8 CMakeFiles/picoprobe.dir/freertos/tasks.c.obj
                0x20008508                vTaskPlaceOnUnorderedEventList
 .text.vTaskPlaceOnEventListRestricted
                0x200085c0       0xc0 CMakeFiles/picoprobe.dir/freertos/tasks.c.obj
                0x200085c0                vTaskPlaceOnEventListRestricted
 .text.xTaskRemoveFromEventList
                0x20008680       0xd0 CMakeFiles/picoprobe.dir/freertos/tasks.c.obj
                0x20008680                xTaskRemoveFromEventList
 .text.vTaskRemoveFromUnorderedEventList
                0x20008750       0x94 CMakeFiles/picoprobe.dir/freertos/tasks.c.obj
                0x20008750                vTaskRemoveFromUnorderedEventList
 .text.vTaskInternalSetTimeOutState
                0x200087e4       0x18 CMakeFiles/picoprobe.dir/freertos/tasks.c.obj
                0x200087e4                vTaskInternalSetTimeOutState
 .text.xTaskCheckForTimeOut
                0x200087fc       0x74 CMakeFiles/picoprobe.dir/freertos/tasks.c.obj
                0x200087fc                xTaskCheckForTimeOut
 .text.vTaskMissedYield
                0x20008870        0xc CMakeFiles/picoprobe.dir/freertos/tasks.c.obj
                0x20008870                vTaskMissedYield
 .text.xTaskGetCurrentTaskHandle
                0x2000887c        0xc CMakeFiles/picoprobe.dir/freertos/tasks.c.obj
                0x2000887c                xTaskGetCurrentTaskHandle
 .text.xTaskPriorityDisinherit
                0x20008888       0x64 CMakeFiles/picoprobe.dir/freertos/tasks.c.obj
                0x20008888                xTaskPriorityDisinherit
 .text.uxTaskResetEventItemValue
                0x200088ec       0x18 CMakeFiles/picoprobe.dir/freertos/tasks.c.obj
                0x200088ec                uxTaskResetEventItemValue
 .text.prvTimerTask
                0x20008904      0x384 CMakeFiles/picoprobe.dir/freertos/timers.c.obj
 .text.xTimerCreateTimerTask
                0x20008c88       0x8c CMakeFiles/picoprobe.dir/freertos/timers.c.obj
                0x20008c88                xTimerCreateTimerTask
 .text.xTimerPendFunctionCallFromISR
                0x20008d14       0x28 CMakeFiles/picoprobe.dir/freertos/timers.c.obj
                0x20008d14                xTimerPendFunctionCallFromISR
 .text.exception_set_exclusive_handler
                0x20008d3c       0x48 CMakeFiles/picoprobe.dir/C_/Users/Manab_Kumar_Biswas/pico-apps/tools/pico-sdk/src/rp2_common/hardware_exception/exception.c.obj
                0x20008d3c                exception_set_exclusive_handler
 .text.pvPortMalloc
                0x20008d84       0x94 CMakeFiles/picoprobe.dir/freertos/portable/MemMang/heap_1.c.obj
                0x20008d84                pvPortMalloc
 .text.vPortFree
                0x20008e18        0x4 CMakeFiles/picoprobe.dir/freertos/portable/MemMang/heap_1.c.obj
                0x20008e18                vPortFree
 .text          0x20008e1c        0x4 c:/progra~2/armgnu~1/12dbab~1.2re/bin/../lib/gcc/arm-none-eabi/12.2.1/thumb/v6-m/nofp\libgcc.a(_dvmd_tls.o)
                0x20008e1c                __aeabi_idiv0
                0x20008e1c                __aeabi_ldiv0
 .text.__paritysi2
                0x20008e20       0x20 c:/progra~2/armgnu~1/12dbab~1.2re/bin/../lib/gcc/arm-none-eabi/12.2.1/thumb/v6-m/nofp\libgcc.a(_paritysi2.o)
                0x20008e20                __paritysi2
 .text.strlen   0x20008e40       0x5c c:/progra~2/armgnu~1/12dbab~1.2re/bin/../lib/gcc/arm-none-eabi/12.2.1/thumb/v6-m/nofp\libc.a(libc_a-strlen-stub.o)
                0x20008e40                strlen
 *(.fini)
 .fini          0x20008e9c        0x4 c:/progra~2/armgnu~1/12dbab~1.2re/bin/../lib/gcc/arm-none-eabi/12.2.1/thumb/v6-m/nofp/crti.o
                0x20008e9c                _fini
 .fini.__stub   0x20008ea0       0x10 linker stubs
 *crtbegin.o(.ctors)
 *crtbegin?.o(.ctors)
 *(EXCLUDE_FILE(*crtend.o *crtend?.o) .ctors)
 *(SORT_BY_NAME(.ctors.*))
 *(.ctors)
 *crtbegin.o(.dtors)
 *crtbegin?.o(.dtors)
 *(EXCLUDE_FILE(*crtend.o *crtend?.o) .dtors)
 *(SORT_BY_NAME(.dtors.*))
 *(.dtors)
 *(.eh_frame*)
 .eh_frame      0x20008eb0        0x0 c:/progra~2/armgnu~1/12dbab~1.2re/bin/../lib/gcc/arm-none-eabi/12.2.1/thumb/v6-m/nofp/crtbegin.o
                0x20008eb0                . = ALIGN (0x4)
                0x20008eb0                __ram_text_end__ = .
                0x10000304                __ram_text_source__ = LOADADDR (.text)

.glue_7         0x20008eb0        0x0 load address 0x100090f4
 .glue_7        0x20008eb0        0x0 linker stubs

.glue_7t        0x20008eb0        0x0 load address 0x100090f4
 .glue_7t       0x20008eb0        0x0 linker stubs

.vfp11_veneer   0x20008eb0        0x0 load address 0x100090f4
 .vfp11_veneer  0x20008eb0        0x0 linker stubs

.v4_bx          0x20008eb0        0x0 load address 0x100090f4
 .v4_bx         0x20008eb0        0x0 linker stubs

.iplt           0x20008eb0        0x0 load address 0x100090f4
 .iplt          0x20008eb0        0x0 c:/progra~2/armgnu~1/12dbab~1.2re/bin/../lib/gcc/arm-none-eabi/12.2.1/thumb/v6-m/nofp/crtbegin.o

.rel.dyn        0x20008eb0        0x0 load address 0x100090f4
 .rel.iplt      0x20008eb0        0x0 c:/progra~2/armgnu~1/12dbab~1.2re/bin/../lib/gcc/arm-none-eabi/12.2.1/thumb/v6-m/nofp/crtbegin.o

.data           0x20008eb0      0x904 load address 0x100090f4
                0x20008eb0                __data_start__ = .
 *(vtable)
 *(.time_critical*)
 .time_critical.mutex_enter_blocking
                0x20008eb0       0x3c CMakeFiles/picoprobe.dir/C_/Users/Manab_Kumar_Biswas/pico-apps/tools/pico-sdk/src/common/pico_sync/mutex.c.obj
                0x20008eb0                mutex_enter_blocking
 .time_critical.mutex_try_enter
                0x20008eec       0x40 CMakeFiles/picoprobe.dir/C_/Users/Manab_Kumar_Biswas/pico-apps/tools/pico-sdk/src/common/pico_sync/mutex.c.obj
                0x20008eec                mutex_try_enter
 .time_critical.mutex_enter_timeout_ms
                0x20008f2c       0x88 CMakeFiles/picoprobe.dir/C_/Users/Manab_Kumar_Biswas/pico-apps/tools/pico-sdk/src/common/pico_sync/mutex.c.obj
                0x20008f2c                mutex_enter_timeout_ms
 .time_critical.mutex_exit
                0x20008fb4       0x20 CMakeFiles/picoprobe.dir/C_/Users/Manab_Kumar_Biswas/pico-apps/tools/pico-sdk/src/common/pico_sync/mutex.c.obj
                0x20008fb4                mutex_exit
 .time_critical.flash_init_boot2_copyout
                0x20008fd4       0x30 CMakeFiles/picoprobe.dir/C_/Users/Manab_Kumar_Biswas/pico-apps/tools/pico-sdk/src/rp2_common/hardware_flash/flash.c.obj
 .time_critical.flash_enable_xip_via_boot2
                0x20009004        0xc CMakeFiles/picoprobe.dir/C_/Users/Manab_Kumar_Biswas/pico-apps/tools/pico-sdk/src/rp2_common/hardware_flash/flash.c.obj
 .time_critical.flash_cs_force
                0x20009010       0x38 CMakeFiles/picoprobe.dir/C_/Users/Manab_Kumar_Biswas/pico-apps/tools/pico-sdk/src/rp2_common/hardware_flash/flash.c.obj
 .time_critical.flash_do_cmd
                0x20009048       0xc0 CMakeFiles/picoprobe.dir/C_/Users/Manab_Kumar_Biswas/pico-apps/tools/pico-sdk/src/rp2_common/hardware_flash/flash.c.obj
                0x20009048                flash_do_cmd
                0x20009108                . = ALIGN (0x4)
 *(.rodata*)
 .rodata.main.str1.4
                0x20009108        0xc CMakeFiles/picoprobe.dir/src/main.c.obj
                                 0x10 (size before relaxing)
 .rodata.vApplicationStackOverflowHook.str1.4
                0x20009114       0x2e CMakeFiles/picoprobe.dir/src/main.c.obj
 *fill*         0x20009142        0x2 
 .rodata.vApplicationMallocFailedHook.str1.4
                0x20009144        0xf CMakeFiles/picoprobe.dir/src/main.c.obj
 *fill*         0x20009153        0x1 
 .rodata.desc_ms_os_20
                0x20009154       0xb2 CMakeFiles/picoprobe.dir/src/usb_descriptors.c.obj
                0x20009154                desc_ms_os_20
 *fill*         0x20009206        0x2 
 .rodata.desc_bos
                0x20009208       0x21 CMakeFiles/picoprobe.dir/src/usb_descriptors.c.obj
                0x20009208                desc_bos
 *fill*         0x20009229        0x3 
 .rodata.str1.4
                0x2000922c       0x6b CMakeFiles/picoprobe.dir/src/usb_descriptors.c.obj
 *fill*         0x20009297        0x1 
 .rodata.__compound_literal.0
                0x20009298        0x2 CMakeFiles/picoprobe.dir/src/usb_descriptors.c.obj
 *fill*         0x2000929a        0x2 
 .rodata.desc_configuration
                0x2000929c       0x62 CMakeFiles/picoprobe.dir/src/usb_descriptors.c.obj
                0x2000929c                desc_configuration
 *fill*         0x200092fe        0x2 
 .rodata.desc_hid_report
                0x20009300       0x22 CMakeFiles/picoprobe.dir/src/usb_descriptors.c.obj
 *fill*         0x20009322        0x2 
 .rodata.desc_device
                0x20009324       0x12 CMakeFiles/picoprobe.dir/src/usb_descriptors.c.obj
                0x20009324                desc_device
 *fill*         0x20009336        0x2 
 .rodata.probe_program
                0x20009338        0x6 CMakeFiles/picoprobe.dir/src/probe.c.obj
 *fill*         0x2000933e        0x2 
 .rodata.probe_program_instructions
                0x20009340       0x20 CMakeFiles/picoprobe.dir/src/probe.c.obj
 .rodata.DAP_ProcessCommand.str1.4
                0x20009360        0x6 CMakeFiles/picoprobe.dir/CMSIS_5/CMSIS/DAP/Firmware/Source/DAP.c.obj
 *fill*         0x20009366        0x2 
 .rodata.DAP_ProcessCommand
                0x20009368       0x78 CMakeFiles/picoprobe.dir/CMSIS_5/CMSIS/DAP/Firmware/Source/DAP.c.obj
 .rodata.spin_lock_claim_unused.str1.4
                0x200093e0       0x1b CMakeFiles/picoprobe.dir/C_/Users/Manab_Kumar_Biswas/pico-apps/tools/pico-sdk/src/rp2_common/hardware_sync/sync.c.obj
 *fill*         0x200093fb        0x1 
 .rodata.hardware_alarm_claim.str1.4
                0x200093fc       0x22 CMakeFiles/picoprobe.dir/C_/Users/Manab_Kumar_Biswas/pico-apps/tools/pico-sdk/src/rp2_common/hardware_timer/timer.c.obj
 *fill*         0x2000941e        0x2 
 .rodata.panic.str1.4
                0x20009420       0x10 CMakeFiles/picoprobe.dir/C_/Users/Manab_Kumar_Biswas/pico-apps/tools/pico-sdk/src/rp2_common/pico_runtime/runtime.c.obj
                                 0x12 (size before relaxing)
 .rodata.panic_unsupported.str1.4
                0x20009430        0xe CMakeFiles/picoprobe.dir/C_/Users/Manab_Kumar_Biswas/pico-apps/tools/pico-sdk/src/rp2_common/pico_runtime/runtime.c.obj
 *fill*         0x2000943e        0x2 
 .rodata.hard_assertion_failure.str1.4
                0x20009440        0xc CMakeFiles/picoprobe.dir/C_/Users/Manab_Kumar_Biswas/pico-apps/tools/pico-sdk/src/rp2_common/pico_runtime/runtime.c.obj
 .rodata.str1.4
                0x2000944c       0x40 CMakeFiles/picoprobe.dir/C_/Users/Manab_Kumar_Biswas/pico-apps/tools/pico-sdk/src/rp2_common/pico_standard_link/binary_info.c.obj
 .rodata.__bi_81
                0x2000948c        0xc CMakeFiles/picoprobe.dir/C_/Users/Manab_Kumar_Biswas/pico-apps/tools/pico-sdk/src/rp2_common/pico_standard_link/binary_info.c.obj
 .rodata.__bi_75
                0x20009498        0xc CMakeFiles/picoprobe.dir/C_/Users/Manab_Kumar_Biswas/pico-apps/tools/pico-sdk/src/rp2_common/pico_standard_link/binary_info.c.obj
 .rodata.__bi_44
                0x200094a4        0xc CMakeFiles/picoprobe.dir/C_/Users/Manab_Kumar_Biswas/pico-apps/tools/pico-sdk/src/rp2_common/pico_standard_link/binary_info.c.obj
 .rodata.crlf_str.0
                0x200094b0        0x2 CMakeFiles/picoprobe.dir/C_/Users/Manab_Kumar_Biswas/pico-apps/tools/pico-sdk/src/rp2_common/pico_stdio/stdio.c.obj
 *fill*         0x200094b2        0x2 
 .rodata.dcd_rp2040_irq.str1.4
                0x200094b4       0x14 CMakeFiles/picoprobe.dir/C_/Users/Manab_Kumar_Biswas/pico-apps/tools/pico-sdk/lib/tinyusb/src/portable/raspberrypi/rp2040/dcd_rp2040.c.obj
 .rodata._hw_endpoint_buffer_control_update32.part.0.isra.0.str1.4
                0x200094c8       0x1f CMakeFiles/picoprobe.dir/C_/Users/Manab_Kumar_Biswas/pico-apps/tools/pico-sdk/lib/tinyusb/src/portable/raspberrypi/rp2040/rp2040_usb.c.obj
 *fill*         0x200094e7        0x1 
 .rodata.hw_endpoint_xfer_continue.str1.4
                0x200094e8       0x29 CMakeFiles/picoprobe.dir/C_/Users/Manab_Kumar_Biswas/pico-apps/tools/pico-sdk/lib/tinyusb/src/portable/raspberrypi/rp2040/rp2040_usb.c.obj
 *fill*         0x20009511        0x3 
 .rodata.str1.4
                0x20009514        0x7 CMakeFiles/picoprobe.dir/C_/Users/Manab_Kumar_Biswas/pico-apps/tools/pico-sdk/lib/tinyusb/src/portable/raspberrypi/rp2040/rp2040_usb.c.obj
 *fill*         0x2000951b        0x1 
 .rodata.tud_task
                0x2000951c       0x8c CMakeFiles/picoprobe.dir/C_/Users/Manab_Kumar_Biswas/pico-apps/tools/pico-sdk/lib/tinyusb/src/device/usbd.c.obj
 .rodata._usbd_driver
                0x200095a8       0x48 CMakeFiles/picoprobe.dir/C_/Users/Manab_Kumar_Biswas/pico-apps/tools/pico-sdk/lib/tinyusb/src/device/usbd.c.obj
 .rodata.hidd_control_xfer_cb
                0x200095f0       0x30 CMakeFiles/picoprobe.dir/C_/Users/Manab_Kumar_Biswas/pico-apps/tools/pico-sdk/lib/tinyusb/src/class/hid/hid_device.c.obj
 .rodata.str1.4
                0x20009620        0x4 CMakeFiles/picoprobe.dir/C_/Users/Manab_Kumar_Biswas/pico-apps/tools/pico-sdk/lib/tinyusb/hw/bsp/rp2040/family.c.obj
 .rodata.__bi_121.0
                0x20009624        0xc CMakeFiles/picoprobe.dir/C_/Users/Manab_Kumar_Biswas/pico-apps/tools/pico-sdk/lib/tinyusb/hw/bsp/rp2040/family.c.obj
 .rodata.__bi_131.1
                0x20009630        0x8 CMakeFiles/picoprobe.dir/C_/Users/Manab_Kumar_Biswas/pico-apps/tools/pico-sdk/lib/tinyusb/hw/bsp/rp2040/family.c.obj
 .rodata.pio_add_program.str1.4
                0x20009638       0x11 CMakeFiles/picoprobe.dir/C_/Users/Manab_Kumar_Biswas/pico-apps/tools/pico-sdk/src/rp2_common/hardware_pio/pio.c.obj
 *fill*         0x20009649        0x3 
 .rodata.prvTimerTask
                0x2000964c       0x28 CMakeFiles/picoprobe.dir/freertos/timers.c.obj
 .rodata.xTimerCreateTimerTask.str1.4
                0x20009674       0x10 CMakeFiles/picoprobe.dir/freertos/timers.c.obj
                0x20009684                . = ALIGN (0x4)
 *(.data*)
 .data.string_desc_arr
                0x20009684       0x1c CMakeFiles/picoprobe.dir/src/usb_descriptors.c.obj
                0x20009684                string_desc_arr
 .data.interval
                0x200096a0        0x4 CMakeFiles/picoprobe.dir/src/cdc_uart.c.obj
                0x200096a0                interval
 .data.striped_spin_lock_num
                0x200096a4        0x1 CMakeFiles/picoprobe.dir/C_/Users/Manab_Kumar_Biswas/pico-apps/tools/pico-sdk/src/rp2_common/hardware_sync/sync.c.obj
 *fill*         0x200096a5        0x3 
 .data.default_alarm_pool
                0x200096a8       0x18 CMakeFiles/picoprobe.dir/C_/Users/Manab_Kumar_Biswas/pico-apps/tools/pico-sdk/src/common/pico_time/time.c.obj
 .data.default_alarm_pool_heap
                0x200096c0       0x10 CMakeFiles/picoprobe.dir/C_/Users/Manab_Kumar_Biswas/pico-apps/tools/pico-sdk/src/common/pico_time/time.c.obj
 .data          0x200096d0       0x48 CMakeFiles/picoprobe.dir/C_/Users/Manab_Kumar_Biswas/pico-apps/tools/pico-sdk/src/rp2_common/hardware_irq/irq_handler_chain.S.obj
                0x200096d0                irq_handler_chain_slots
                0x20009700                irq_handler_chain_first_slot
                0x2000970a                irq_handler_chain_remove_tail
 *fill*         0x20009718        0x8 
 .data.aeabi_bits_funcs
                0x20009720       0x10 CMakeFiles/picoprobe.dir/C_/Users/Manab_Kumar_Biswas/pico-apps/tools/pico-sdk/src/rp2_common/pico_bit_ops/bit_ops_aeabi.S.obj
                0x20009720                aeabi_bits_funcs
                0x20009730                aeabi_bits_funcs_end
 .data.aeabi_mem_funcs
                0x20009730       0x10 CMakeFiles/picoprobe.dir/C_/Users/Manab_Kumar_Biswas/pico-apps/tools/pico-sdk/src/rp2_common/pico_mem_ops/mem_ops_aeabi.S.obj
                0x20009730                aeabi_mem_funcs
                0x20009740                aeabi_mem_funcs_end
 .data.stdio_uart
                0x20009740       0x14 CMakeFiles/picoprobe.dir/C_/Users/Manab_Kumar_Biswas/pico-apps/tools/pico-sdk/src/rp2_common/pico_stdio_uart/stdio_uart.c.obj
                0x20009740                stdio_uart
 .data.ep_dir_string
                0x20009754        0x8 CMakeFiles/picoprobe.dir/C_/Users/Manab_Kumar_Biswas/pico-apps/tools/pico-sdk/lib/tinyusb/src/portable/raspberrypi/rp2040/rp2040_usb.c.obj
                0x20009754                ep_dir_string
 .data._usbd_qdef
                0x2000975c       0x24 CMakeFiles/picoprobe.dir/C_/Users/Manab_Kumar_Biswas/pico-apps/tools/pico-sdk/lib/tinyusb/src/device/usbd.c.obj
                0x2000975c                _usbd_qdef
 .data.ucLaunchCoreNum
                0x20009780        0x1 CMakeFiles/picoprobe.dir/freertos/portable/ThirdParty/GCC/RP2040/port.c.obj
 *fill*         0x20009781        0x3 
 .data.uxTopUsedPriority
                0x20009784        0x4 CMakeFiles/picoprobe.dir/freertos/tasks.c.obj
                0x20009784                uxTopUsedPriority
                0x20009788                . = ALIGN (0x4)
 *(.after_data.*)
                0x20009788                . = ALIGN (0x4)
                0x20009788                PROVIDE (__mutex_array_start = .)
 *(SORT_BY_NAME(.mutex_array.*))
 *(.mutex_array)
 .mutex_array   0x20009788        0x8 CMakeFiles/picoprobe.dir/C_/Users/Manab_Kumar_Biswas/pico-apps/tools/pico-sdk/src/rp2_common/pico_malloc/pico_malloc.c.obj
 .mutex_array   0x20009790        0x8 CMakeFiles/picoprobe.dir/C_/Users/Manab_Kumar_Biswas/pico-apps/tools/pico-sdk/src/rp2_common/pico_stdio/stdio.c.obj
                0x20009798                PROVIDE (__mutex_array_end = .)
                0x20009798                . = ALIGN (0x4)
                0x20009798                PROVIDE (__preinit_array_start = .)
 *(SORT_BY_NAME(.preinit_array.*))
 .preinit_array.00001
                0x20009798        0x4 CMakeFiles/picoprobe.dir/C_/Users/Manab_Kumar_Biswas/pico-apps/tools/pico-sdk/src/rp2_common/pico_mem_ops/mem_ops_aeabi.S.obj
 .preinit_array.00010
                0x2000979c        0x4 CMakeFiles/picoprobe.dir/C_/Users/Manab_Kumar_Biswas/pico-apps/tools/pico-sdk/src/rp2_common/pico_bit_ops/bit_ops_aeabi.S.obj
 .preinit_array.00020
                0x200097a0        0x4 CMakeFiles/picoprobe.dir/C_/Users/Manab_Kumar_Biswas/pico-apps/tools/pico-sdk/src/rp2_common/pico_double/double_aeabi.S.obj
 .preinit_array.00020
                0x200097a4        0x4 CMakeFiles/picoprobe.dir/C_/Users/Manab_Kumar_Biswas/pico-apps/tools/pico-sdk/src/rp2_common/pico_float/float_aeabi.S.obj
 *(.preinit_array)
                0x200097a8                PROVIDE (__preinit_array_end = .)
                0x200097a8                . = ALIGN (0x4)
                0x200097a8                PROVIDE (__init_array_start = .)
 *(SORT_BY_NAME(.init_array.*))
 *(.init_array)
 .init_array    0x200097a8        0x4 c:/progra~2/armgnu~1/12dbab~1.2re/bin/../lib/gcc/arm-none-eabi/12.2.1/thumb/v6-m/nofp/crtbegin.o
 .init_array    0x200097ac        0x4 CMakeFiles/picoprobe.dir/C_/Users/Manab_Kumar_Biswas/pico-apps/tools/pico-sdk/src/rp2_common/pico_unique_id/unique_id.c.obj
 .init_array    0x200097b0        0x4 CMakeFiles/picoprobe.dir/freertos/portable/ThirdParty/GCC/RP2040/port.c.obj
                0x200097b4                PROVIDE (__init_array_end = .)
                0x200097b4                . = ALIGN (0x4)
                [!provide]                PROVIDE (__fini_array_start = .)
 *(SORT_BY_NAME(.fini_array.*))
 *(.fini_array)
                [!provide]                PROVIDE (__fini_array_end = .)
 *(.jcr)
                0x200097b4                . = ALIGN (0x4)
                0x200097b4                __data_end__ = .
                0x100090f4                __etext = LOADADDR (.data)

.tm_clone_table
                0x200097b4        0x0 load address 0x100099f8
 .tm_clone_table
                0x200097b4        0x0 c:/progra~2/armgnu~1/12dbab~1.2re/bin/../lib/gcc/arm-none-eabi/12.2.1/thumb/v6-m/nofp/crtbegin.o
 .tm_clone_table
                0x200097b4        0x0 c:/progra~2/armgnu~1/12dbab~1.2re/bin/../lib/gcc/arm-none-eabi/12.2.1/thumb/v6-m/nofp/crtend.o

.igot.plt       0x200097b4        0x0 load address 0x100099f8
 .igot.plt      0x200097b4        0x0 c:/progra~2/armgnu~1/12dbab~1.2re/bin/../lib/gcc/arm-none-eabi/12.2.1/thumb/v6-m/nofp/crtbegin.o

.uninitialized_data
                0x200097b4        0x0 load address 0x100099f8
                0x200097b4                . = ALIGN (0x4)
 *(.uninitialized_data*)

.scratch_x      0x20040000        0x0 load address 0x100099f8
                0x20040000                __scratch_x_start__ = .
 *(.scratch_x.*)
                0x20040000                . = ALIGN (0x4)
                0x20040000                __scratch_x_end__ = .
                0x100099f8                __scratch_x_source__ = LOADADDR (.scratch_x)

.scratch_y      0x20041000        0x0 load address 0x100099f8
                0x20041000                __scratch_y_start__ = .
 *(.scratch_y.*)
                0x20041000                . = ALIGN (0x4)
                0x20041000                __scratch_y_end__ = .
                0x100099f8                __scratch_y_source__ = LOADADDR (.scratch_y)

.bss            0x200097b8    0x29284
                0x200097b8                . = ALIGN (0x4)
                0x200097b8                __bss_start__ = .
 *(SORT_BY_ALIGNMENT(SORT_BY_NAME(.bss*)))
 .bss.configured_freq
                0x200097b8       0x28 CMakeFiles/picoprobe.dir/C_/Users/Manab_Kumar_Biswas/pico-apps/tools/pico-sdk/src/rp2_common/hardware_clocks/clocks.c.obj
 .bss.default_alarm_pool_entries
                0x200097e0      0x100 CMakeFiles/picoprobe.dir/C_/Users/Manab_Kumar_Biswas/pico-apps/tools/pico-sdk/src/common/pico_time/time.c.obj
 .bss.sd_table  0x200098e0      0x100 CMakeFiles/picoprobe.dir/C_/Users/Manab_Kumar_Biswas/pico-apps/tools/pico-sdk/src/rp2_common/pico_double/double_init_rom.c.obj
                0x200098e0                sd_table
 .bss.sf_table  0x200099e0      0x100 CMakeFiles/picoprobe.dir/C_/Users/Manab_Kumar_Biswas/pico-apps/tools/pico-sdk/src/rp2_common/pico_float/float_init_rom.c.obj
                0x200099e0                sf_table
 .bss.xQueueRegistry
                0x20009ae0       0x40 CMakeFiles/picoprobe.dir/freertos/queue.c.obj
                0x20009ae0                xQueueRegistry
 .bss.DAP_Data  0x20009b20       0x1c CMakeFiles/picoprobe.dir/CMSIS_5/CMSIS/DAP/Firmware/Source/DAP.c.obj
                0x20009b20                DAP_Data
 .bss.RxDataBuffer
                0x20009b3c       0x40 CMakeFiles/picoprobe.dir/src/main.c.obj
 .bss.TxDataBuffer
                0x20009b7c       0x40 CMakeFiles/picoprobe.dir/src/main.c.obj
 .bss._app_driver
                0x20009bbc        0x4 CMakeFiles/picoprobe.dir/C_/Users/Manab_Kumar_Biswas/pico-apps/tools/pico-sdk/lib/tinyusb/src/device/usbd.c.obj
 .bss._cdcd_itf
                0x20009bc0      0x158 CMakeFiles/picoprobe.dir/C_/Users/Manab_Kumar_Biswas/pico-apps/tools/pico-sdk/lib/tinyusb/src/class/cdc/cdc_device.c.obj
 .bss._ctrl_xfer
                0x20009d18       0x14 CMakeFiles/picoprobe.dir/C_/Users/Manab_Kumar_Biswas/pico-apps/tools/pico-sdk/lib/tinyusb/src/device/usbd_control.c.obj
 .bss._desc_str
                0x20009d2c       0x40 CMakeFiles/picoprobe.dir/src/usb_descriptors.c.obj
 .bss._hidd_itf
                0x20009d6c       0x8c CMakeFiles/picoprobe.dir/C_/Users/Manab_Kumar_Biswas/pico-apps/tools/pico-sdk/lib/tinyusb/src/class/hid/hid_device.c.obj
 .bss._ubsd_mutexdef
                0x20009df8        0x8 CMakeFiles/picoprobe.dir/C_/Users/Manab_Kumar_Biswas/pico-apps/tools/pico-sdk/lib/tinyusb/src/device/usbd.c.obj
 .bss._usbd_ctrl_buf
                0x20009e00       0x40 CMakeFiles/picoprobe.dir/C_/Users/Manab_Kumar_Biswas/pico-apps/tools/pico-sdk/lib/tinyusb/src/device/usbd_control.c.obj
 .bss._usbd_dev
                0x20009e40       0x53 CMakeFiles/picoprobe.dir/C_/Users/Manab_Kumar_Biswas/pico-apps/tools/pico-sdk/lib/tinyusb/src/device/usbd.c.obj
 *fill*         0x20009e93        0x1 
 .bss._usbd_mutex
                0x20009e94        0x4 CMakeFiles/picoprobe.dir/C_/Users/Manab_Kumar_Biswas/pico-apps/tools/pico-sdk/lib/tinyusb/src/device/usbd.c.obj
 .bss._usbd_q   0x20009e98        0x4 CMakeFiles/picoprobe.dir/C_/Users/Manab_Kumar_Biswas/pico-apps/tools/pico-sdk/lib/tinyusb/src/device/usbd.c.obj
 .bss._usbd_qdef_buf
                0x20009e9c       0xc0 CMakeFiles/picoprobe.dir/C_/Users/Manab_Kumar_Biswas/pico-apps/tools/pico-sdk/lib/tinyusb/src/device/usbd.c.obj
                0x20009e9c                _usbd_qdef_buf
 .bss._used_instruction_space
                0x20009f5c        0x8 CMakeFiles/picoprobe.dir/C_/Users/Manab_Kumar_Biswas/pico-apps/tools/pico-sdk/src/rp2_common/hardware_pio/pio.c.obj
 .bss._vendord_itf
                0x20009f64     0x40cc CMakeFiles/picoprobe.dir/C_/Users/Manab_Kumar_Biswas/pico-apps/tools/pico-sdk/lib/tinyusb/src/class/vendor/vendor_device.c.obj
 .bss.alarm_callbacks
                0x2000e030       0x10 CMakeFiles/picoprobe.dir/C_/Users/Manab_Kumar_Biswas/pico-apps/tools/pico-sdk/src/rp2_common/hardware_timer/timer.c.obj
 .bss.boot2_copyout
                0x2000e040      0x100 CMakeFiles/picoprobe.dir/C_/Users/Manab_Kumar_Biswas/pico-apps/tools/pico-sdk/src/rp2_common/hardware_flash/flash.c.obj
 .bss.cached_delay
                0x2000e140        0x4 CMakeFiles/picoprobe.dir/src/sw_dp_pio.c.obj
                0x2000e140                cached_delay
 .bss.claimed   0x2000e144        0x4 CMakeFiles/picoprobe.dir/C_/Users/Manab_Kumar_Biswas/pico-apps/tools/pico-sdk/src/rp2_common/hardware_sync/sync.c.obj
 .bss.dap_taskhandle
                0x2000e148        0x4 CMakeFiles/picoprobe.dir/src/main.c.obj
 .bss.default_alarm_pool_entry_ids_high
                0x2000e14c       0x10 CMakeFiles/picoprobe.dir/C_/Users/Manab_Kumar_Biswas/pico-apps/tools/pico-sdk/src/common/pico_time/time.c.obj
 .bss.default_alarm_pool_heap_nodes
                0x2000e15c       0x30 CMakeFiles/picoprobe.dir/C_/Users/Manab_Kumar_Biswas/pico-apps/tools/pico-sdk/src/common/pico_time/time.c.obj
 .bss.drivers   0x2000e18c        0x4 CMakeFiles/picoprobe.dir/C_/Users/Manab_Kumar_Biswas/pico-apps/tools/pico-sdk/src/rp2_common/pico_stdio/stdio.c.obj
 .bss.filter    0x2000e190        0x4 CMakeFiles/picoprobe.dir/C_/Users/Manab_Kumar_Biswas/pico-apps/tools/pico-sdk/src/rp2_common/pico_stdio/stdio.c.obj
 .bss.gpio_ctrl_prev
                0x2000e194        0x4 CMakeFiles/picoprobe.dir/C_/Users/Manab_Kumar_Biswas/pico-apps/tools/pico-sdk/src/rp2_common/pico_fix/rp2040_usb_device_enumeration/rp2040_usb_device_enumeration.c.obj
 .bss.hw_endpoints
                0x2000e198      0x400 CMakeFiles/picoprobe.dir/C_/Users/Manab_Kumar_Biswas/pico-apps/tools/pico-sdk/lib/tinyusb/src/portable/raspberrypi/rp2040/dcd_rp2040.c.obj
 .bss.last_wake
                0x2000e598        0x4 CMakeFiles/picoprobe.dir/src/cdc_uart.c.obj
                0x2000e598                last_wake
 .bss.lazy_vsnprintf
                0x2000e59c        0x4 CMakeFiles/picoprobe.dir/C_/Users/Manab_Kumar_Biswas/pico-apps/tools/pico-sdk/src/rp2_common/pico_printf/printf.c.obj
 .bss.led_count
                0x2000e5a0        0x4 CMakeFiles/picoprobe.dir/src/led.c.obj
 .bss.next_buffer_ptr
                0x2000e5a4        0x4 CMakeFiles/picoprobe.dir/C_/Users/Manab_Kumar_Biswas/pico-apps/tools/pico-sdk/lib/tinyusb/src/portable/raspberrypi/rp2040/dcd_rp2040.c.obj
 .bss.object.0  0x2000e5a8       0x18 c:/progra~2/armgnu~1/12dbab~1.2re/bin/../lib/gcc/arm-none-eabi/12.2.1/thumb/v6-m/nofp/crtbegin.o
 .bss.pad_ctrl_prev
                0x2000e5c0        0x4 CMakeFiles/picoprobe.dir/C_/Users/Manab_Kumar_Biswas/pico-apps/tools/pico-sdk/src/rp2_common/pico_fix/rp2040_usb_device_enumeration/rp2040_usb_device_enumeration.c.obj
 .bss.pools     0x2000e5c4       0x10 CMakeFiles/picoprobe.dir/C_/Users/Manab_Kumar_Biswas/pico-apps/tools/pico-sdk/src/common/pico_time/time.c.obj
 .bss.probe     0x2000e5d4     0x4010 CMakeFiles/picoprobe.dir/src/probe.c.obj
 .bss.pucAlignedHeap.0
                0x200125e4        0x4 CMakeFiles/picoprobe.dir/freertos/portable/MemMang/heap_1.c.obj
 .bss.pxCrossCoreSpinLock
                0x200125e8        0x4 CMakeFiles/picoprobe.dir/freertos/portable/ThirdParty/GCC/RP2040/port.c.obj
 .bss.pxCurrentTCB
                0x200125ec        0x4 CMakeFiles/picoprobe.dir/freertos/tasks.c.obj
                0x200125ec                pxCurrentTCB
 .bss.pxCurrentTimerList
                0x200125f0        0x4 CMakeFiles/picoprobe.dir/freertos/timers.c.obj
 .bss.pxDelayedTaskList
                0x200125f4        0x4 CMakeFiles/picoprobe.dir/freertos/tasks.c.obj
 .bss.pxOverflowDelayedTaskList
                0x200125f8        0x4 CMakeFiles/picoprobe.dir/freertos/tasks.c.obj
 .bss.pxOverflowTimerList
                0x200125fc        0x4 CMakeFiles/picoprobe.dir/freertos/timers.c.obj
 .bss.pxReadyTasksLists
                0x20012600      0x280 CMakeFiles/picoprobe.dir/freertos/tasks.c.obj
 .bss.pxYieldSpinLock